<html>
<body>
<pre>
<h1>µVision Build Log</h1>
<h2>Tool Versions:</h2>
IDE-Version: ¦ÌVision V5.14.0.0
Copyright (C) 2015 ARM Ltd and ARM Germany GmbH. All rights reserved.
License Information: a Edward, b, LIC=21E4T-RJFHN-DY5V3-A2XGL-PR176-GNXQD
 
Tool Versions:
Toolchain:       MDK-ARM Standard  Version: 5.14.0.0
Toolchain Path:  D:\Program files\keil_v5\ARM\ARMCC\Bin
C Compiler:      Armcc.exe V5.05 update 1 (build 106)
Assembler:       Armasm.exe V5.05 update 1 (build 106)
Linker/Locator:  ArmLink.exe V5.05 update 1 (build 106)
Library Manager: ArmAr.exe V5.05 update 1 (build 106)
Hex Converter:   FromElf.exe V5.05 update 1 (build 106)
CPU DLL:         SARMCM3.DLL V5.14.0.0
Dialog DLL:      DARMSTM.DLL V1.65.0.0
Target DLL:      UL2CM3.DLL V1.155.0.0
Dialog DLL:      TARMSTM.DLL V1.64.0.0
 
<h2>Project:</h2>
C:\Users\Edward\Desktop\GithubPrj\Stm32CodeFreertos\Code\USER\project.uvprojx
Project File Date:  04/04/2023

<h2>Output:</h2>
Build target 'project'
compiling main.c...
main.c(176): warning:  #177-D: variable "err" was declared but never referenced
        BaseType_t err;
main.c(197): warning:  #177-D: variable "err" was declared but never referenced
        BaseType_t err;
main.c(201): warning:  #177-D: variable "i" was declared but never referenced
        uint8_t i;
main.c: 3 warnings, 0 errors
linking...
Program Size: Code=19988 RO-data=512 RW-data=196 ZI-data=23060  
FromELF: creating hex file...
"..\OBJ\project.axf" - 0 Error(s), 3 Warning(s).

<h2>Collection of Component include folders:</h2>
  C:\Users\Edward\Desktop\GithubPrj\Stm32CodeFreertos\Code\USER\RTE
  D:\Program files\keil_v5\ARM\PACK\Keil\STM32F1xx_DFP\1.0.5\Device\Include

<h2>Collection of Component Files used:</h2>
</pre>
</body>
</html>
