Component: ARM Compiler 5.05 update 1 (build 106) Tool: armlink [4d0efa]

==============================================================================

Section Cross References

    main.o(i.HardWare_Init) refers to _printf_percent.o(.ARM.Collect$$_printf_percent$$00000000) for _printf_percent
    main.o(i.HardWare_Init) refers to _printf_d.o(.ARM.Collect$$_printf_percent$$00000009) for _printf_d
    main.o(i.HardWare_Init) refers to _printf_dec.o(.text) for _printf_int_dec
    main.o(i.HardWare_Init) refers to misc.o(i.NVIC_PriorityGroupConfig) for NVIC_PriorityGroupConfig
    main.o(i.HardWare_Init) refers to delay.o(i.delay_init) for delay_init
    main.o(i.HardWare_Init) refers to bsp_usart.o(i.uart1_init) for uart1_init
    main.o(i.HardWare_Init) refers to bsp_usart.o(i.uart3_init) for uart3_init
    main.o(i.HardWare_Init) refers to drv_led.o(i.LED_Init) for LED_Init
    main.o(i.HardWare_Init) refers to drv_beep.o(i.BEEP_Init) for BEEP_Init
    main.o(i.HardWare_Init) refers to drv_key.o(i.KEY_Init) for KEY_Init
    main.o(i.HardWare_Init) refers to delay.o(i.delay_ms) for delay_ms
    main.o(i.HardWare_Init) refers to drv_dht11.o(i.Dht11_Init) for Dht11_Init
    main.o(i.HardWare_Init) refers to noretval__2printf.o(.text) for __2printf
    main.o(i.HardWare_Init) refers to bsp_wdg.o(i.IWDG_Init) for IWDG_Init
    main.o(i.iwdg_task) refers to bsp_wdg.o(i.IWDG_Feed) for IWDG_Feed
    main.o(i.iwdg_task) refers to tasks.o(i.vTaskDelay) for vTaskDelay
    main.o(i.key_task) refers to drv_key.o(i.KEY_Scan) for KEY_Scan
    main.o(i.key_task) refers to tasks.o(i.vTaskSuspend) for vTaskSuspend
    main.o(i.key_task) refers to tasks.o(i.vTaskResume) for vTaskResume
    main.o(i.key_task) refers to tasks.o(i.vTaskDelay) for vTaskDelay
    main.o(i.key_task) refers to main.o(.data) for LED_TASK_HANDLER
    main.o(i.led_task) refers to tasks.o(i.vTaskDelay) for vTaskDelay
    main.o(i.main) refers to main.o(i.HardWare_Init) for HardWare_Init
    main.o(i.main) refers to stm32f10x_rcc.o(i.RCC_GetFlagStatus) for RCC_GetFlagStatus
    main.o(i.main) refers to noretval__2printf.o(.text) for __2printf
    main.o(i.main) refers to stm32f10x_rcc.o(i.RCC_ClearFlag) for RCC_ClearFlag
    main.o(i.main) refers to tasks.o(i.xTaskCreate) for xTaskCreate
    main.o(i.main) refers to tasks.o(i.vTaskStartScheduler) for vTaskStartScheduler
    main.o(i.main) refers to main.o(.data) for START_TASK_HANDLER
    main.o(i.main) refers to main.o(i.start_task) for start_task
    main.o(i.start_task) refers to port.o(i.vPortEnterCritical) for vPortEnterCritical
    main.o(i.start_task) refers to queue.o(i.xQueueGenericCreate) for xQueueGenericCreate
    main.o(i.start_task) refers to tasks.o(i.xTaskCreate) for xTaskCreate
    main.o(i.start_task) refers to noretval__2printf.o(.text) for __2printf
    main.o(i.start_task) refers to tasks.o(i.vTaskDelete) for vTaskDelete
    main.o(i.start_task) refers to port.o(i.vPortExitCritical) for vPortExitCritical
    main.o(i.start_task) refers to main.o(.data) for UART1_QUEUE
    main.o(i.start_task) refers to main.o(i.key_task) for key_task
    main.o(i.start_task) refers to main.o(i.led_task) for led_task
    main.o(i.start_task) refers to main.o(i.iwdg_task) for iwdg_task
    main.o(i.start_task) refers to main.o(i.test_task) for test_task
    main.o(i.test_task) refers to _printf_percent.o(.ARM.Collect$$_printf_percent$$00000000) for _printf_percent
    main.o(i.test_task) refers to _printf_f.o(.ARM.Collect$$_printf_percent$$00000003) for _printf_f
    main.o(i.test_task) refers to printf1.o(x$fpl$printf1) for _printf_fp_dec
    main.o(i.test_task) refers to port.o(i.vPortEnterCritical) for vPortEnterCritical
    main.o(i.test_task) refers to drv_dht11.o(i.DHT11_Read_Data) for DHT11_Read_Data
    main.o(i.test_task) refers to port.o(i.vPortExitCritical) for vPortExitCritical
    main.o(i.test_task) refers to f2d.o(x$fpl$f2d) for __aeabi_f2d
    main.o(i.test_task) refers to noretval__2printf.o(.text) for __2printf
    main.o(i.test_task) refers to tasks.o(i.vTaskDelay) for vTaskDelay
    system_stm32f10x.o(i.SetSysClock) refers to system_stm32f10x.o(i.SetSysClockTo72) for SetSysClockTo72
    system_stm32f10x.o(i.SystemCoreClockUpdate) refers to system_stm32f10x.o(.data) for SystemCoreClock
    system_stm32f10x.o(i.SystemInit) refers to system_stm32f10x.o(i.SetSysClock) for SetSysClock
    drv_beep.o(i.BEEP_Init) refers to bsp_gpio.o(i.Beep_Gpio_Init) for Beep_Gpio_Init
    drv_key.o(i.KEY_Init) refers to bsp_gpio.o(i.Key_Gpio_Init) for Key_Gpio_Init
    drv_key.o(i.KEY_Scan) refers to stm32f10x_gpio.o(i.GPIO_ReadInputDataBit) for GPIO_ReadInputDataBit
    drv_key.o(i.KEY_Scan) refers to delay.o(i.delay_ms) for delay_ms
    drv_key.o(i.KEY_Scan) refers to drv_key.o(.data) for key_up
    drv_led.o(i.LED_Init) refers to bsp_gpio.o(i.Led_Gpio_Init) for Led_Gpio_Init
    drv_dht11.o(i.DHT11_Check) refers to bsp_gpio.o(i.Dht11_Gpio_Init) for Dht11_Gpio_Init
[...]
    i.SysTick_CLKSourceConfig                0x08001e84   Section        0  misc.o(i.SysTick_CLKSourceConfig)
    i.SysTick_Handler                        0x08001eac   Section        0  delay.o(i.SysTick_Handler)
    i.SystemInit                             0x08001ebc   Section        0  system_stm32f10x.o(i.SystemInit)
    i.TIM3_IRQHandler                        0x08001f1c   Section        0  bsp_timer.o(i.TIM3_IRQHandler)
    i.TIM_ClearITPendingBit                  0x08001f38   Section        0  stm32f10x_tim.o(i.TIM_ClearITPendingBit)
    i.TIM_GetITStatus                        0x08001f3e   Section        0  stm32f10x_tim.o(i.TIM_GetITStatus)
    i.USART1_IRQHandler                      0x08001f60   Section        0  bsp_usart.o(i.USART1_IRQHandler)
    i.USART3_IRQHandler                      0x08001fd0   Section        0  bsp_usart.o(i.USART3_IRQHandler)
    i.USART_ClearITPendingBit                0x08002040   Section        0  stm32f10x_usart.o(i.USART_ClearITPendingBit)
    i.USART_Cmd                              0x0800205e   Section        0  stm32f10x_usart.o(i.USART_Cmd)
    i.USART_GetITStatus                      0x08002076   Section        0  stm32f10x_usart.o(i.USART_GetITStatus)
    i.USART_ITConfig                         0x080020ca   Section        0  stm32f10x_usart.o(i.USART_ITConfig)
    i.USART_Init                             0x08002114   Section        0  stm32f10x_usart.o(i.USART_Init)
    i.USART_ReceiveData                      0x080021ec   Section        0  stm32f10x_usart.o(i.USART_ReceiveData)
    i.Uart1_Gpio_Init                        0x080021f8   Section        0  bsp_gpio.o(i.Uart1_Gpio_Init)
    i.Uart3_Gpio_Init                        0x0800223c   Section        0  bsp_gpio.o(i.Uart3_Gpio_Init)
    i.UsageFault_Handler                     0x08002280   Section        0  stm32f10x_it.o(i.UsageFault_Handler)
    i.__ARM_fpclassify                       0x08002284   Section        0  fpclassify.o(i.__ARM_fpclassify)
    i._is_digit                              0x080022ac   Section        0  __printf_wp.o(i._is_digit)
    i._sys_exit                              0x080022ba   Section        0  bsp_usart.o(i._sys_exit)
    i.delay_init                             0x080022c0   Section        0  delay.o(i.delay_init)
    i.delay_ms                               0x0800231c   Section        0  delay.o(i.delay_ms)
    i.delay_us                               0x0800235c   Section        0  delay.o(i.delay_us)
    i.delay_xms                              0x080023a4   Section        0  delay.o(i.delay_xms)
    i.fputc                                  0x080023bc   Section        0  bsp_usart.o(i.fputc)
    i.iwdg_task                              0x080023d8   Section        0  main.o(i.iwdg_task)
    i.key_task                               0x080023e8   Section        0  main.o(i.key_task)
    i.led_task                               0x0800242c   Section        0  main.o(i.led_task)
    i.main                                   0x08002460   Section        0  main.o(i.main)
    i.prvAddCurrentTaskToDelayedList         0x080024d0   Section        0  tasks.o(i.prvAddCurrentTaskToDelayedList)
    prvAddCurrentTaskToDelayedList           0x080024d1   Thumb Code   124  tasks.o(i.prvAddCurrentTaskToDelayedList)
    i.prvAddNewTaskToReadyList               0x08002568   Section        0  tasks.o(i.prvAddNewTaskToReadyList)
    prvAddNewTaskToReadyList                 0x08002569   Thumb Code   156  tasks.o(i.prvAddNewTaskToReadyList)
    i.prvCheckForValidListAndQueue           0x08002620   Section        0  timers.o(i.prvCheckForValidListAndQueue)
    prvCheckForValidListAndQueue             0x08002621   Thumb Code    72  timers.o(i.prvCheckForValidListAndQueue)
    i.prvCheckTasksWaitingTermination        0x08002684   Section        0  tasks.o(i.prvCheckTasksWaitingTermination)
    prvCheckTasksWaitingTermination          0x08002685   Thumb Code    86  tasks.o(i.prvCheckTasksWaitingTermination)
    i.prvCopyDataFromQueue                   0x080026e8   Section        0  queue.o(i.prvCopyDataFromQueue)
    prvCopyDataFromQueue                     0x080026e9   Thumb Code    42  queue.o(i.prvCopyDataFromQueue)
    i.prvCopyDataToQueue                     0x08002712   Section        0  queue.o(i.prvCopyDataToQueue)
    prvCopyDataToQueue                       0x08002713   Thumb Code   124  queue.o(i.prvCopyDataToQueue)
    i.prvDeleteTCB                           0x0800278e   Section        0  tasks.o(i.prvDeleteTCB)
    prvDeleteTCB                             0x0800278f   Thumb Code    18  tasks.o(i.prvDeleteTCB)
    i.prvGetNextExpireTime                   0x080027a0   Section        0  timers.o(i.prvGetNextExpireTime)
    prvGetNextExpireTime                     0x080027a1   Thumb Code    36  timers.o(i.prvGetNextExpireTime)
    i.prvHeapInit                            0x080027c8   Section        0  heap_4.o(i.prvHeapInit)
    prvHeapInit                              0x080027c9   Thumb Code    98  heap_4.o(i.prvHeapInit)
    i.prvIdleTask                            0x08002844   Section        0  tasks.o(i.prvIdleTask)
    prvIdleTask                              0x08002845   Thumb Code    32  tasks.o(i.prvIdleTask)
    i.prvInitialiseNewQueue                  0x0800286c   Section        0  queue.o(i.prvInitialiseNewQueue)
    prvInitialiseNewQueue                    0x0800286d   Thumb Code    46  queue.o(i.prvInitialiseNewQueue)
    i.prvInitialiseNewTask                   0x0800289c   Section        0  tasks.o(i.prvInitialiseNewTask)
    prvInitialiseNewTask                     0x0800289d   Thumb Code   170  tasks.o(i.prvInitialiseNewTask)
    i.prvInitialiseTaskLists                 0x0800296c   Section        0  tasks.o(i.prvInitialiseTaskLists)
    prvInitialiseTaskLists                   0x0800296d   Thumb Code    70  tasks.o(i.prvInitialiseTaskLists)
    i.prvInsertBlockIntoFreeList             0x080029d4   Section        0  heap_4.o(i.prvInsertBlockIntoFreeList)
    prvInsertBlockIntoFreeList               0x080029d5   Thumb Code    96  heap_4.o(i.prvInsertBlockIntoFreeList)
    i.prvInsertTimerInActiveList             0x08002a3c   Section        0  timers.o(i.prvInsertTimerInActiveList)
    prvInsertTimerInActiveList               0x08002a3d   Thumb Code    80  timers.o(i.prvInsertTimerInActiveList)
    i.prvIsQueueEmpty                        0x08002a94   Section        0  queue.o(i.prvIsQueueEmpty)
    prvIsQueueEmpty                          0x08002a95   Thumb Code    26  queue.o(i.prvIsQueueEmpty)
    i.prvIsQueueFull                         0x08002aae   Section        0  queue.o(i.prvIsQueueFull)
    prvIsQueueFull                           0x08002aaf   Thumb Code    30  queue.o(i.prvIsQueueFull)
    i.prvNotifyQueueSetContainer             0x08002acc   Section        0  queue.o(i.prvNotifyQueueSetContainer)
    prvNotifyQueueSetContainer               0x08002acd   Thumb Code   124  queue.o(i.prvNotifyQueueSetContainer)
    i.prvProcessExpiredTimer                 0x08002b6c   Section        0  timers.o(i.prvProcessExpiredTimer)
    prvProcessExpiredTimer                   0x08002b6d   Thumb Code    84  timers.o(i.prvProcessExpiredTimer)
    i.prvProcessReceivedCommands             0x08002bec   Section        0  timers.o(i.prvProcessReceivedCommands)
    prvProcessReceivedCommands               0x08002bed   Thumb Code   254  timers.o(i.prvProcessReceivedCommands)
    i.prvProcessTimerOrBlockTask             0x08002d18   Section        0  timers.o(i.prvProcessTimerOrBlockTask)
    prvProcessTimerOrBlockTask               0x08002d19   Thumb Code   102  timers.o(i.prvProcessTimerOrBlockTask)
    i.prvResetNextTaskUnblockTime            0x08002d8c   Section        0  tasks.o(i.prvResetNextTaskUnblockTime)
    prvResetNextTaskUnblockTime              0x08002d8d   Thumb Code    42  tasks.o(i.prvResetNextTaskUnblockTime)
    i.prvSampleTimeNow                       0x08002dc0   Section        0  timers.o(i.prvSampleTimeNow)
    prvSampleTimeNow                         0x08002dc1   Thumb Code    40  timers.o(i.prvSampleTimeNow)
    i.prvSwitchTimerLists                    0x08002dec   Section        0  timers.o(i.prvSwitchTimerLists)
    prvSwitchTimerLists                      0x08002ded   Thumb Code   140  timers.o(i.prvSwitchTimerLists)
    i.prvTaskExitError                       0x08002ea8   Section        0  port.o(i.prvTaskExitError)
    prvTaskExitError                         0x08002ea9   Thumb Code    48  port.o(i.prvTaskExitError)
    i.prvTaskIsTaskSuspended                 0x08002f18   Section        0  tasks.o(i.prvTaskIsTaskSuspended)
    prvTaskIsTaskSuspended                   0x08002f19   Thumb Code    72  tasks.o(i.prvTaskIsTaskSuspended)
    i.prvTimerTask                           0x08002f8c   Section        0  timers.o(i.prvTimerTask)
    prvTimerTask                             0x08002f8d   Thumb Code    26  timers.o(i.prvTimerTask)
    i.prvUnlockQueue                         0x08002fa6   Section        0  queue.o(i.prvUnlockQueue)
    prvUnlockQueue                           0x08002fa7   Thumb Code   146  queue.o(i.prvUnlockQueue)
    i.pvPortMalloc                           0x08003038   Section        0  heap_4.o(i.pvPortMalloc)
    i.pvTaskIncrementMutexHeldCount          0x0800318c   Section        0  tasks.o(i.pvTaskIncrementMutexHeldCount)
    i.pxPortInitialiseStack                  0x080031ac   Section        0  port.o(i.pxPortInitialiseStack)
    i.start_task                             0x080031d0   Section        0  main.o(i.start_task)
    i.test_task                              0x080032b0   Section        0  main.o(i.test_task)
    i.uart1_init                             0x08003330   Section        0  bsp_usart.o(i.uart1_init)
    i.uart3_init                             0x080033a4   Section        0  bsp_usart.o(i.uart3_init)
    i.uxListRemove                           0x08003418   Section        0  list.o(i.uxListRemove)
    i.vListInitialise                        0x08003440   Section        0  list.o(i.vListInitialise)
    i.vListInitialiseItem                    0x0800345a   Section        0  list.o(i.vListInitialiseItem)
    i.vListInsert                            0x08003460   Section        0  list.o(i.vListInsert)
    i.vListInsertEnd                         0x08003494   Section        0  list.o(i.vListInsertEnd)
    i.vPortEnterCritical                     0x080034ac   Section        0  port.o(i.vPortEnterCritical)
    i.vPortExitCritical                      0x08003534   Section        0  port.o(i.vPortExitCritical)
    i.vPortFree                              0x080035a4   Section        0  heap_4.o(i.vPortFree)
    i.vPortSetupTimerInterrupt               0x0800365c   Section        0  port.o(i.vPortSetupTimerInterrupt)
    i.vPortValidateInterruptPriority         0x0800367c   Section        0  port.o(i.vPortValidateInterruptPriority)
    i.vQueueAddToRegistry                    0x0800371c   Section        0  queue.o(i.vQueueAddToRegistry)
    i.vQueueWaitForMessageRestricted         0x08003748   Section        0  queue.o(i.vQueueWaitForMessageRestricted)
    i.vTaskDelay                             0x08003794   Section        0  tasks.o(i.vTaskDelay)
    i.vTaskDelete                            0x08003808   Section        0  tasks.o(i.vTaskDelete)
    i.vTaskMissedYield                       0x08003914   Section        0  tasks.o(i.vTaskMissedYield)
    i.vTaskPlaceOnEventList                  0x08003920   Section        0  tasks.o(i.vTaskPlaceOnEventList)
    i.vTaskPlaceOnEventListRestricted        0x08003974   Section        0  tasks.o(i.vTaskPlaceOnEventListRestricted)
    i.vTaskPriorityInherit                   0x080039d0   Section        0  tasks.o(i.vTaskPriorityInherit)
    i.vTaskResume                            0x08003a80   Section        0  tasks.o(i.vTaskResume)
    i.vTaskSetTimeOutState                   0x08003b2c   Section        0  tasks.o(i.vTaskSetTimeOutState)
    i.vTaskStartScheduler                    0x08003b78   Section        0  tasks.o(i.vTaskStartScheduler)
    i.vTaskSuspend                           0x08003c24   Section        0  tasks.o(i.vTaskSuspend)
    i.vTaskSuspendAll                        0x08003d24   Section        0  tasks.o(i.vTaskSuspendAll)
    i.vTaskSwitchContext                     0x08003d34   Section        0  tasks.o(i.vTaskSwitchContext)
    i.xPortStartScheduler                    0x08003ddc   Section        0  port.o(i.xPortStartScheduler)
    i.xPortSysTickHandler                    0x08003e7c   Section        0  port.o(i.xPortSysTickHandler)
    i.xQueueGenericCreate                    0x08003eb0   Section        0  queue.o(i.xQueueGenericCreate)
    i.xQueueGenericReceive                   0x08003f24   Section        0  queue.o(i.xQueueGenericReceive)
    i.xQueueGenericReset                     0x080040ec   Section        0  queue.o(i.xQueueGenericReset)
    i.xQueueGenericSend                      0x0800419c   Section        0  queue.o(i.xQueueGenericSend)
    i.xQueueGenericSendFromISR               0x08004360   Section        0  queue.o(i.xQueueGenericSendFromISR)
    i.xTaskCheckForTimeOut                   0x08004470   Section        0  tasks.o(i.xTaskCheckForTimeOut)
    i.xTaskCreate                            0x08004510   Section        0  tasks.o(i.xTaskCreate)
    i.xTaskGetSchedulerState                 0x08004570   Section        0  tasks.o(i.xTaskGetSchedulerState)
    i.xTaskGetTickCount                      0x08004590   Section        0  tasks.o(i.xTaskGetTickCount)
    i.xTaskIncrementTick                     0x0800459c   Section        0  tasks.o(i.xTaskIncrementTick)
    i.xTaskPriorityDisinherit                0x080046fc   Section        0  tasks.o(i.xTaskPriorityDisinherit)
    i.xTaskRemoveFromEventList               0x080047d4   Section        0  tasks.o(i.xTaskRemoveFromEventList)
    i.xTaskResumeAll                         0x08004888   Section        0  tasks.o(i.xTaskResumeAll)
    i.xTimerCreateTimerTask                  0x080049a8   Section        0  timers.o(i.xTimerCreateTimerTask)
    i.xTimerGenericCommand                   0x08004a1c   Section        0  timers.o(i.xTimerGenericCommand)
    locale$$code                             0x08004ac0   Section       44  lc_numeric_c.o(locale$$code)
    x$fpl$dretinf                            0x08004aec   Section       12  dretinf.o(x$fpl$dretinf)
    x$fpl$f2d                                0x08004af8   Section       86  f2d.o(x$fpl$f2d)
    x$fpl$fadd                               0x08004b50   Section      196  faddsub_clz.o(x$fpl$fadd)
    _fadd1                                   0x08004b5f   Thumb Code     0  faddsub_clz.o(x$fpl$fadd)
    x$fpl$fdiv                               0x08004c14   Section      388  fdiv.o(x$fpl$fdiv)
    _fdiv1                                   0x08004c15   Thumb Code     0  fdiv.o(x$fpl$fdiv)
    x$fpl$ffltu                              0x08004d98   Section       38  fflt_clz.o(x$fpl$ffltu)
    x$fpl$fnaninf                            0x08004dbe   Section      140  fnaninf.o(x$fpl$fnaninf)
    x$fpl$fretinf                            0x08004e4a   Section       10  fretinf.o(x$fpl$fretinf)
    x$fpl$fsub                               0x08004e54   Section      234  faddsub_clz.o(x$fpl$fsub)
    _fsub1                                   0x08004e63   Thumb Code     0  faddsub_clz.o(x$fpl$fsub)
    x$fpl$printf1                            0x08004f3e   Section        4  printf1.o(x$fpl$printf1)
    x$fpl$usenofp                            0x08004f42   Section        0  usenofp.o(x$fpl$usenofp)
    .constdata                               0x08004f44   Section      148  bigflt0.o(.constdata)
    tenpwrs_x                                0x08004f44   Data          60  bigflt0.o(.constdata)
    tenpwrs_i                                0x08004f80   Data          64  bigflt0.o(.constdata)
    locale$$data                             0x08004ff8   Section       28  lc_numeric_c.o(locale$$data)
    __lcnum_c_name                           0x08004ffc   Data           2  lc_numeric_c.o(locale$$data)
    __lcnum_c_start                          0x08005004   Data           0  lc_numeric_c.o(locale$$data)
    __lcnum_c_point                          0x08005010   Data           0  lc_numeric_c.o(locale$$data)
    __lcnum_c_thousands                      0x08005012   Data           0  lc_numeric_c.o(locale$$data)
    __lcnum_c_grouping                       0x08005013   Data           0  lc_numeric_c.o(locale$$data)
    __lcnum_c_end                            0x08005014   Data           0  lc_numeric_c.o(locale$$data)
    .data                                    0x20000000   Section       24  main.o(.data)
    .data                                    0x20000018   Section       20  system_stm32f10x.o(.data)
    .data                                    0x2000002c   Section        1  drv_key.o(.data)
    key_up                                   0x2000002c   Data           1  drv_key.o(.data)
    .data                                    0x20000030   Section        8  bsp_usart.o(.data)
    .data                                    0x20000038   Section        4  delay.o(.data)
    fac_us                                   0x20000038   Data           1  delay.o(.data)
    fac_ms                                   0x2000003a   Data           2  delay.o(.data)
    .data                                    0x2000003c   Section       20  stm32f10x_rcc.o(.data)
    APBAHBPrescTable                         0x2000003c   Data          16  stm32f10x_rcc.o(.data)
    ADCPrescTable                            0x2000004c   Data           4  stm32f10x_rcc.o(.data)
    .data                                    0x20000050   Section       60  tasks.o(.data)
    pxDelayedTaskList                        0x20000054   Data           4  tasks.o(.data)
    pxOverflowDelayedTaskList                0x20000058   Data           4  tasks.o(.data)
    uxDeletedTasksWaitingCleanUp             0x2000005c   Data           4  tasks.o(.data)
    uxCurrentNumberOfTasks                   0x20000060   Data           4  tasks.o(.data)
    xTickCount                               0x20000064   Data           4  tasks.o(.data)
    uxTopReadyPriority                       0x20000068   Data           4  tasks.o(.data)
    xSchedulerRunning                        0x2000006c   Data           4  tasks.o(.data)
    uxPendedTicks                            0x20000070   Data           4  tasks.o(.data)
    xYieldPending                            0x20000074   Data           4  tasks.o(.data)
    xNumOfOverflows                          0x20000078   Data           4  tasks.o(.data)
    uxTaskNumber                             0x2000007c   Data           4  tasks.o(.data)
    xNextTaskUnblockTime                     0x20000080   Data           4  tasks.o(.data)
    xIdleTaskHandle                          0x20000084   Data           4  tasks.o(.data)
    uxSchedulerSuspended                     0x20000088   Data           4  tasks.o(.data)
    .data                                    0x2000008c   Section       20  timers.o(.data)
    pxCurrentTimerList                       0x2000008c   Data           4  timers.o(.data)
    pxOverflowTimerList                      0x20000090   Data           4  timers.o(.data)
    xTimerQueue                              0x20000094   Data           4  timers.o(.data)
    xTimerTaskHandle                         0x20000098   Data           4  timers.o(.data)
    xLastTime                                0x2000009c   Data           4  timers.o(.data)
    .data                                    0x200000a0   Section       12  port.o(.data)
    uxCriticalNesting                        0x200000a0   Data           4  port.o(.data)
    ucMaxSysCallPriority                     0x200000a4   Data           1  port.o(.data)
    ulMaxPRIGROUPValue                       0x200000a8   Data           4  port.o(.data)
    .data                                    0x200000ac   Section       24  heap_4.o(.data)
    xStart                                   0x200000ac   Data           8  heap_4.o(.data)
    pxEnd                                    0x200000b4   Data           4  heap_4.o(.data)
    xFreeBytesRemaining                      0x200000b8   Data           4  heap_4.o(.data)
    xMinimumEverFreeBytesRemaining           0x200000bc   Data           4  heap_4.o(.data)
    xBlockAllocatedBit                       0x200000c0   Data           4  heap_4.o(.data)
    .bss                                     0x200000c4   Section      100  bsp_usart.o(.bss)
    .bss                                     0x20000128   Section       64  queue.o(.bss)
    .bss                                     0x20000168   Section      740  tasks.o(.bss)
    pxReadyTasksLists                        0x20000168   Data         640  tasks.o(.bss)
    xDelayedTaskList1                        0x200003e8   Data          20  tasks.o(.bss)
    xDelayedTaskList2                        0x200003fc   Data          20  tasks.o(.bss)
    xPendingReadyList                        0x20000410   Data          20  tasks.o(.bss)
    xTasksWaitingTermination                 0x20000424   Data          20  tasks.o(.bss)
    xSuspendedTaskList                       0x20000438   Data          20  tasks.o(.bss)
    .bss                                     0x2000044c   Section       40  timers.o(.bss)
    xActiveTimerList1                        0x2000044c   Data          20  timers.o(.bss)
    xActiveTimerList2                        0x20000460   Data          20  timers.o(.bss)
    .bss                                     0x20000474   Section    20480  heap_4.o(.bss)
    ucHeap                                   0x20000474   Data       20480  heap_4.o(.bss)
    .bss                                     0x20005474   Section       96  libspace.o(.bss)
    HEAP                                     0x200054d8   Section      512  startup_stm32f10x_hd.o(HEAP)
    Heap_Mem                                 0x200054d8   Data         512  startup_stm32f10x_hd.o(HEAP)
    STACK                                    0x200056d8   Section     1024  startup_stm32f10x_hd.o(STACK)
    Stack_Mem                                0x200056d8   Data        1024  startup_stm32f10x_hd.o(STACK)
    __initial_sp                             0x20005ad8   Data           0  startup_stm32f10x_hd.o(STACK)

    Global Symbols

    Symbol Name                              Value     Ov Type        Size  Object(Section)

    BuildAttributes$$THM_ISAv4$P$D$K$B$S$PE$A:L22UL41UL21$X:L11$S22US41US21$IEEE1$IW$USESV6$~STKCKD$USESV7$~SHL$OTIME$ROPI$IEEEJ$EBA8$UX$STANDARDLIB$REQ8$PRES8$EABIv2 0x00000000   Number         0  anon$$obj.o ABSOLUTE
    __ARM_use_no_argv                        0x00000000   Number         0  main.o ABSOLUTE
    _printf_flags                            0x00000000   Number         0  printf_stubs.o ABSOLUTE
    _printf_return_value                     0x00000000   Number         0  printf_stubs.o ABSOLUTE
    _printf_sizespec                         0x00000000   Number         0  printf_stubs.o ABSOLUTE
    _printf_widthprec                        0x00000000   Number         0  printf_stubs.o ABSOLUTE
    __ARM_exceptions_init                     - Undefined Weak Reference
    __alloca_initialize                       - Undefined Weak Reference
    __arm_preinit_                            - Undefined Weak Reference
    __cpp_initialize__aeabi_                  - Undefined Weak Reference
    __cxa_finalize                            - Undefined Weak Reference
    __sigvec_lookup                           - Undefined Weak Reference
    _atexit_init                              - Undefined Weak Reference
    _call_atexit_fns                          - Undefined Weak Reference
    _clock_init                               - Undefined Weak Reference
    _fp_trap_init                             - Undefined Weak Reference
    _fp_trap_shutdown                         - Undefined Weak Reference
    _get_lc_collate                           - Undefined Weak Reference
    _get_lc_ctype                             - Undefined Weak Reference
    _get_lc_monetary                          - Undefined Weak Reference
    _get_lc_time                              - Undefined Weak Reference
    _getenv_init                              - Undefined Weak Reference
    _handle_redirection                       - Undefined Weak Reference
    _init_alloc                               - Undefined Weak Reference
    _init_user_alloc                          - Undefined Weak Reference
    _initio                                   - Undefined Weak Reference
    _mutex_acquire                            - Undefined Weak Reference
    _mutex_release                            - Undefined Weak Reference
    _printf_mbtowc                            - Undefined Weak Reference
    _printf_post_padding                      - Undefined Weak Reference
    _printf_pre_padding                       - Undefined Weak Reference
    _printf_truncate_signed                   - Undefined Weak Reference
    _printf_truncate_unsigned                 - Undefined Weak Reference
    _rand_init                                - Undefined Weak Reference
    _signal_finish                            - Undefined Weak Reference
    _signal_init                              - Undefined Weak Reference
    _terminate_alloc                          - Undefined Weak Reference
    _terminate_user_alloc                     - Undefined Weak Reference
    _terminateio                              - Undefined Weak Reference
    __Vectors_Size                           0x00000130   Number         0  startup_stm32f10x_hd.o ABSOLUTE
    __Vectors                                0x08000000   Data           4  startup_stm32f10x_hd.o(RESET)
    __Vectors_End                            0x08000130   Data           0  startup_stm32f10x_hd.o(RESET)
    __main                                   0x08000131   Thumb Code     8  __main.o(!!!main)
    __scatterload                            0x08000139   Thumb Code     0  __scatter.o(!!!scatter)
    __scatterload_rt2                        0x08000139   Thumb Code    44  __scatter.o(!!!scatter)
    __scatterload_rt2_thumb_only             0x08000139   Thumb Code     0  __scatter.o(!!!scatter)
    __scatterload_null                       0x08000147   Thumb Code     0  __scatter.o(!!!scatter)
    __scatterload_copy                       0x0800016d   Thumb Code    26  __scatter_copy.o(!!handler_copy)
    __scatterload_zeroinit                   0x08000189   Thumb Code    28  __scatter_zi.o(!!handler_zi)
    _printf_f                                0x080001a5   Thumb Code     0  _printf_f.o(.ARM.Collect$$_printf_percent$$00000003)
    _printf_percent                          0x080001a5   Thumb Code     0  _printf_percent.o(.ARM.Collect$$_printf_percent$$00000000)
    _printf_d                                0x080001ab   Thumb Code     0  _printf_d.o(.ARM.Collect$$_printf_percent$$00000009)
    _printf_s                                0x080001b1   Thumb Code     0  _printf_s.o(.ARM.Collect$$_printf_percent$$00000014)
    _printf_percent_end                      0x080001b7   Thumb Code     0  _printf_percent_end.o(.ARM.Collect$$_printf_percent$$00000017)
    __rt_lib_init                            0x080001bb   Thumb Code     0  libinit.o(.ARM.Collect$$libinit$$00000000)
    __rt_lib_init_fp_1                       0x080001bd   Thumb Code     0  libinit2.o(.ARM.Collect$$libinit$$00000002)
    __rt_lib_init_heap_1                     0x080001bd   Thumb Code     0  libinit2.o(.ARM.Collect$$libinit$$0000000A)
    __rt_lib_init_lc_common                  0x080001bd   Thumb Code     0  libinit2.o(.ARM.Collect$$libinit$$0000000F)
    __rt_lib_init_preinit_1                  0x080001bd   Thumb Code     0  libinit2.o(.ARM.Collect$$libinit$$00000004)
    __rt_lib_init_rand_1                     0x080001bd   Thumb Code     0  libinit2.o(.ARM.Collect$$libinit$$0000000E)
    __rt_lib_init_user_alloc_1               0x080001bd   Thumb Code     0  libinit2.o(.ARM.Collect$$libinit$$0000000C)
    __rt_lib_init_lc_collate_1               0x080001c3   Thumb Code     0  libinit2.o(.ARM.Collect$$libinit$$00000011)
    __rt_lib_init_lc_ctype_1                 0x080001c3   Thumb Code     0  libinit2.o(.ARM.Collect$$libinit$$00000013)
    __rt_lib_init_lc_monetary_1              0x080001c3   Thumb Code     0  libinit2.o(.ARM.Collect$$libinit$$00000015)
    __rt_lib_init_lc_numeric_2               0x080001c3   Thumb Code     0  libinit2.o(.ARM.Collect$$libinit$$00000016)
    __rt_lib_init_alloca_1                   0x080001cd   Thumb Code     0  libinit2.o(.ARM.Collect$$libinit$$0000002E)
    __rt_lib_init_argv_1                     0x080001cd   Thumb Code     0  libinit2.o(.ARM.Collect$$libinit$$0000002C)
    __rt_lib_init_atexit_1                   0x080001cd   Thumb Code     0  libinit2.o(.ARM.Collect$$libinit$$0000001B)
    __rt_lib_init_clock_1                    0x080001cd   Thumb Code     0  libinit2.o(.ARM.Collect$$libinit$$00000021)
    __rt_lib_init_cpp_1                      0x080001cd   Thumb Code     0  libinit2.o(.ARM.Collect$$libinit$$00000032)
    __rt_lib_init_exceptions_1               0x080001cd   Thumb Code     0  libinit2.o(.ARM.Collect$$libinit$$00000030)
    __rt_lib_init_fp_trap_1                  0x080001cd   Thumb Code     0  libinit2.o(.ARM.Collect$$libinit$$0000001F)
    __rt_lib_init_getenv_1                   0x080001cd   Thumb Code     0  libinit2.o(.ARM.Collect$$libinit$$00000023)
    __rt_lib_init_lc_numeric_1               0x080001cd   Thumb Code     0  libinit2.o(.ARM.Collect$$libinit$$00000017)
    __rt_lib_init_lc_time_1                  0x080001cd   Thumb Code     0  libinit2.o(.ARM.Collect$$libinit$$00000019)
    __rt_lib_init_return                     0x080001cd   Thumb Code     0  libinit2.o(.ARM.Collect$$libinit$$00000033)
    __rt_lib_init_signal_1                   0x080001cd   Thumb Code     0  libinit2.o(.ARM.Collect$$libinit$$0000001D)
    __rt_lib_init_stdio_1                    0x080001cd   Thumb Code     0  libinit2.o(.ARM.Collect$$libinit$$00000025)
    __rt_lib_shutdown                        0x080001cf   Thumb Code     0  libshutdown.o(.ARM.Collect$$libshutdown$$00000000)
    __rt_lib_shutdown_fp_trap_1              0x080001d1   Thumb Code     0  libshutdown2.o(.ARM.Collect$$libshutdown$$00000006)
    __rt_lib_shutdown_heap_1                 0x080001d1   Thumb Code     0  libshutdown2.o(.ARM.Collect$$libshutdown$$0000000E)
    __rt_lib_shutdown_return                 0x080001d1   Thumb Code     0  libshutdown2.o(.ARM.Collect$$libshutdown$$0000000F)
    __rt_lib_shutdown_signal_1               0x080001d1   Thumb Code     0  libshutdown2.o(.ARM.Collect$$libshutdown$$00000009)
    __rt_lib_shutdown_stdio_1                0x080001d1   Thumb Code     0  libshutdown2.o(.ARM.Collect$$libshutdown$$00000003)
    __rt_lib_shutdown_user_alloc_1           0x080001d1   Thumb Code     0  libshutdown2.o(.ARM.Collect$$libshutdown$$0000000B)
    __rt_entry                               0x080001d3   Thumb Code     0  __rtentry.o(.ARM.Collect$$rtentry$$00000000)
    __rt_entry_presh_1                       0x080001d3   Thumb Code     0  __rtentry2.o(.ARM.Collect$$rtentry$$00000002)
    __rt_entry_sh                            0x080001d3   Thumb Code     0  __rtentry4.o(.ARM.Collect$$rtentry$$00000004)
    __rt_entry_li                            0x080001d9   Thumb Code     0  __rtentry2.o(.ARM.Collect$$rtentry$$0000000A)
    __rt_entry_postsh_1                      0x080001d9   Thumb Code     0  __rtentry2.o(.ARM.Collect$$rtentry$$00000009)
    __rt_entry_main                          0x080001dd   Thumb Code     0  __rtentry2.o(.ARM.Collect$$rtentry$$0000000D)
    __rt_entry_postli_1                      0x080001dd   Thumb Code     0  __rtentry2.o(.ARM.Collect$$rtentry$$0000000C)
    __rt_exit                                0x080001e5   Thumb Code     0  rtexit.o(.ARM.Collect$$rtexit$$00000000)
    __rt_exit_ls                             0x080001e7   Thumb Code     0  rtexit2.o(.ARM.Collect$$rtexit$$00000003)
    __rt_exit_prels_1                        0x080001e7   Thumb Code     0  rtexit2.o(.ARM.Collect$$rtexit$$00000002)
    __rt_exit_exit                           0x080001eb   Thumb Code     0  rtexit2.o(.ARM.Collect$$rtexit$$00000004)
    SVC_Handler                              0x080001f1   Thumb Code    32  port.o(.emb_text)
    __asm___6_port_c_39a90d8d__prvStartFirstTask 0x08000215   Thumb Code    28  port.o(.emb_text)
    PendSV_Handler                           0x08000235   Thumb Code    72  port.o(.emb_text)
    vPortGetIPSR                             0x08000281   Thumb Code     6  port.o(.emb_text)
    Reset_Handler                            0x08000289   Thumb Code     8  startup_stm32f10x_hd.o(.text)
    ADC1_2_IRQHandler                        0x080002a3   Thumb Code     0  startup_stm32f10x_hd.o(.text)
    ADC3_IRQHandler                          0x080002a3   Thumb Code     0  startup_stm32f10x_hd.o(.text)
    CAN1_RX1_IRQHandler                      0x080002a3   Thumb Code     0  startup_stm32f10x_hd.o(.text)
    CAN1_SCE_IRQHandler                      0x080002a3   Thumb Code     0  startup_stm32f10x_hd.o(.text)
    DMA1_Channel1_IRQHandler                 0x080002a3   Thumb Code     0  startup_stm32f10x_hd.o(.text)
    DMA1_Channel2_IRQHandler                 0x080002a3   Thumb Code     0  startup_stm32f10x_hd.o(.text)
    DMA1_Channel3_IRQHandler                 0x080002a3   Thumb Code     0  startup_stm32f10x_hd.o(.text)
    DMA1_Channel4_IRQHandler                 0x080002a3   Thumb Code     0  startup_stm32f10x_hd.o(.text)
    DMA1_Channel5_IRQHandler                 0x080002a3   Thumb Code     0  startup_stm32f10x_hd.o(.text)
    DMA1_Channel6_IRQHandler                 0x080002a3   Thumb Code     0  startup_stm32f10x_hd.o(.text)
    DMA1_Channel7_IRQHandler                 0x080002a3   Thumb Code     0  startup_stm32f10x_hd.o(.text)
    DMA2_Channel1_IRQHandler                 0x080002a3   Thumb Code     0  startup_stm32f10x_hd.o(.text)
    DMA2_Channel2_IRQHandler                 0x080002a3   Thumb Code     0  startup_stm32f10x_hd.o(.text)
    DMA2_Channel3_IRQHandler                 0x080002a3   Thumb Code     0  startup_stm32f10x_hd.o(.text)
    DMA2_Channel4_5_IRQHandler               0x080002a3   Thumb Code     0  startup_stm32f10x_hd.o(.text)
    EXTI0_IRQHandler                         0x080002a3   Thumb Code     0  startup_stm32f10x_hd.o(.text)
    EXTI15_10_IRQHandler                     0x080002a3   Thumb Code     0  startup_stm32f10x_hd.o(.text)
    EXTI1_IRQHandler                         0x080002a3   Thumb Code     0  startup_stm32f10x_hd.o(.text)
    EXTI2_IRQHandler                         0x080002a3   Thumb Code     0  startup_stm32f10x_hd.o(.text)
    EXTI3_IRQHandler                         0x080002a3   Thumb Code     0  startup_stm32f10x_hd.o(.text)
    EXTI4_IRQHandler                         0x080002a3   Thumb Code     0  startup_stm32f10x_hd.o(.text)
    EXTI9_5_IRQHandler                       0x080002a3   Thumb Code     0  startup_stm32f10x_hd.o(.text)
    FLASH_IRQHandler                         0x080002a3   Thumb Code     0  startup_stm32f10x_hd.o(.text)
    FSMC_IRQHandler                          0x080002a3   Thumb Code     0  startup_stm32f10x_hd.o(.text)
    I2C1_ER_IRQHandler                       0x080002a3   Thumb Code     0  startup_stm32f10x_hd.o(.text)
    I2C1_EV_IRQHandler                       0x080002a3   Thumb Code     0  startup_stm32f10x_hd.o(.text)
    I2C2_ER_IRQHandler                       0x080002a3   Thumb Code     0  startup_stm32f10x_hd.o(.text)
    I2C2_EV_IRQHandler                       0x080002a3   Thumb Code     0  startup_stm32f10x_hd.o(.text)
    PVD_IRQHandler                           0x080002a3   Thumb Code     0  startup_stm32f10x_hd.o(.text)
    RCC_IRQHandler                           0x080002a3   Thumb Code     0  startup_stm32f10x_hd.o(.text)
    RTCAlarm_IRQHandler                      0x080002a3   Thumb Code     0  startup_stm32f10x_hd.o(.text)
    RTC_IRQHandler                           0x080002a3   Thumb Code     0  startup_stm32f10x_hd.o(.text)
    SDIO_IRQHandler                          0x080002a3   Thumb Code     0  startup_stm32f10x_hd.o(.text)
    SPI1_IRQHandler                          0x080002a3   Thumb Code     0  startup_stm32f10x_hd.o(.text)
    SPI2_IRQHandler                          0x080002a3   Thumb Code     0  startup_stm32f10x_hd.o(.text)
    SPI3_IRQHandler                          0x080002a3   Thumb Code     0  startup_stm32f10x_hd.o(.text)
    TAMPER_IRQHandler                        0x080002a3   Thumb Code     0  startup_stm32f10x_hd.o(.text)
    TIM1_BRK_IRQHandler                      0x080002a3   Thumb Code     0  startup_stm32f10x_hd.o(.text)
    TIM1_CC_IRQHandler                       0x080002a3   Thumb Code     0  startup_stm32f10x_hd.o(.text)
    TIM1_TRG_COM_IRQHandler                  0x080002a3   Thumb Code     0  startup_stm32f10x_hd.o(.text)
    TIM1_UP_IRQHandler                       0x080002a3   Thumb Code     0  startup_stm32f10x_hd.o(.text)
    TIM2_IRQHandler                          0x080002a3   Thumb Code     0  startup_stm32f10x_hd.o(.text)
    TIM4_IRQHandler                          0x080002a3   Thumb Code     0  startup_stm32f10x_hd.o(.text)
    TIM5_IRQHandler                          0x080002a3   Thumb Code     0  startup_stm32f10x_hd.o(.text)
    TIM6_IRQHandler                          0x080002a3   Thumb Code     0  startup_stm32f10x_hd.o(.text)
    TIM7_IRQHandler                          0x080002a3   Thumb Code     0  startup_stm32f10x_hd.o(.text)
    TIM8_BRK_IRQHandler                      0x080002a3   Thumb Code     0  startup_stm32f10x_hd.o(.text)
    TIM8_CC_IRQHandler                       0x080002a3   Thumb Code     0  startup_stm32f10x_hd.o(.text)
    TIM8_TRG_COM_IRQHandler                  0x080002a3   Thumb Code     0  startup_stm32f10x_hd.o(.text)
    TIM8_UP_IRQHandler                       0x080002a3   Thumb Code     0  startup_stm32f10x_hd.o(.text)
    UART4_IRQHandler                         0x080002a3   Thumb Code     0  startup_stm32f10x_hd.o(.text)
    UART5_IRQHandler                         0x080002a3   Thumb Code     0  startup_stm32f10x_hd.o(.text)
    USART2_IRQHandler                        0x080002a3   Thumb Code     0  startup_stm32f10x_hd.o(.text)
    USBWakeUp_IRQHandler                     0x080002a3   Thumb Code     0  startup_stm32f10x_hd.o(.text)
    USB_HP_CAN1_TX_IRQHandler                0x080002a3   Thumb Code     0  startup_stm32f10x_hd.o(.text)
    USB_LP_CAN1_RX0_IRQHandler               0x080002a3   Thumb Code     0  startup_stm32f10x_hd.o(.text)
    WWDG_IRQHandler                          0x080002a3   Thumb Code     0  startup_stm32f10x_hd.o(.text)
    __user_initial_stackheap                 0x080002a5   Thumb Code     0  startup_stm32f10x_hd.o(.text)
    __use_no_semihosting                     0x080002c9   Thumb Code     2  use_no_semi_2.o(.text)
    __2printf                                0x080002cd   Thumb Code    20  noretval__2printf.o(.text)
    _printf_str                              0x080002e5   Thumb Code    82  _printf_str.o(.text)
    _printf_int_dec                          0x08000339   Thumb Code   104  _printf_dec.o(.text)
    __printf                                 0x080003b1   Thumb Code   270  __printf_wp.o(.text)
    __aeabi_memcpy                           0x080004bf   Thumb Code     0  rt_memcpy_v6.o(.text)
    __rt_memcpy                              0x080004bf   Thumb Code   138  rt_memcpy_v6.o(.text)
    _memcpy_lastbytes                        0x08000525   Thumb Code     0  rt_memcpy_v6.o(.text)
    __aeabi_memset                           0x08000549   Thumb Code    16  aeabi_memset.o(.text)
    __use_two_region_memory                  0x08000559   Thumb Code     2  heapauxi.o(.text)
    __rt_heap_escrow$2region                 0x0800055b   Thumb Code     2  heapauxi.o(.text)
    __rt_heap_expand$2region                 0x0800055d   Thumb Code     2  heapauxi.o(.text)
    __I$use$semihosting                      0x0800055f   Thumb Code     0  use_no_semi.o(.text)
    __use_no_semihosting_swi                 0x0800055f   Thumb Code     2  use_no_semi.o(.text)
    _printf_int_common                       0x08000561   Thumb Code   178  _printf_intcommon.o(.text)
    __lib_sel_fp_printf                      0x08000613   Thumb Code     2  _printf_fp_dec.o(.text)
    _printf_fp_dec_real                      0x080007c1   Thumb Code   620  _printf_fp_dec.o(.text)
    _printf_char_common                      0x08000a37   Thumb Code    32  _printf_char_common.o(.text)
    _printf_cs_common                        0x08000a5d   Thumb Code    20  _printf_char.o(.text)
    _printf_char                             0x08000a71   Thumb Code    16  _printf_char.o(.text)
    _printf_string                           0x08000a81   Thumb Code     8  _printf_char.o(.text)
    _printf_char_file                        0x08000a89   Thumb Code    32  _printf_char_file.o(.text)
    __aeabi_memcpy4                          0x08000aad   Thumb Code     0  rt_memcpy_w.o(.text)
    __aeabi_memcpy8                          0x08000aad   Thumb Code     0  rt_memcpy_w.o(.text)
    __rt_memcpy_w                            0x08000aad   Thumb Code   100  rt_memcpy_w.o(.text)
    _memcpy_lastbytes_aligned                0x08000af5   Thumb Code     0  rt_memcpy_w.o(.text)
    __aeabi_memclr                           0x08000b11   Thumb Code     0  rt_memclr.o(.text)
    __rt_memclr                              0x08000b11   Thumb Code    68  rt_memclr.o(.text)
    _memset                                  0x08000b15   Thumb Code     0  rt_memclr.o(.text)
    __rt_locale                              0x08000b55   Thumb Code     8  rt_locale_intlibspace.o(.text)
    _ll_udiv10                               0x08000b5d   Thumb Code   138  lludiv10.o(.text)
    _printf_fp_infnan                        0x08000be9   Thumb Code   112  _printf_fp_infnan.o(.text)
    _btod_etento                             0x08000c69   Thumb Code   216  bigflt0.o(.text)
    ferror                                   0x08000d45   Thumb Code     8  ferror.o(.text)
    __aeabi_memclr4                          0x08000d4d   Thumb Code     0  rt_memclr_w.o(.text)
    __aeabi_memclr8                          0x08000d4d   Thumb Code     0  rt_memclr_w.o(.text)
    __rt_memclr_w                            0x08000d4d   Thumb Code    78  rt_memclr_w.o(.text)
    _memset_w                                0x08000d51   Thumb Code     0  rt_memclr_w.o(.text)
    __user_libspace                          0x08000d9d   Thumb Code     8  libspace.o(.text)
    __user_perproc_libspace                  0x08000d9d   Thumb Code     0  libspace.o(.text)
    __user_perthread_libspace                0x08000d9d   Thumb Code     0  libspace.o(.text)
    __user_setup_stackheap                   0x08000da5   Thumb Code    74  sys_stackheap_outer.o(.text)
    exit                                     0x08000def   Thumb Code    12  exit.o(.text)
    strcmp                                   0x08000dfd   Thumb Code   128  strcmpv7m.o(.text)
    _btod_d2e                                0x08000e7d   Thumb Code    62  btod.o(CL$$btod_d2e)
    _d2e_denorm_low                          0x08000ebb   Thumb Code    70  btod.o(CL$$btod_d2e_denorm_low)
    _d2e_norm_op1                            0x08000f01   Thumb Code    96  btod.o(CL$$btod_d2e_norm_op1)
    __btod_div_common                        0x08000f61   Thumb Code   696  btod.o(CL$$btod_div_common)
    _e2e                                     0x08001299   Thumb Code   198  btod.o(CL$$btod_e2e)
    _btod_ediv                               0x0800135f   Thumb Code    40  btod.o(CL$$btod_ediv)
    _btod_emul                               0x08001387   Thumb Code    40  btod.o(CL$$btod_emul)
    __btod_mult_common                       0x080013af   Thumb Code   580  btod.o(CL$$btod_mult_common)
    BEEP_Init                                0x080015f3   Thumb Code     8  drv_beep.o(i.BEEP_Init)
    Beep_Gpio_Init                           0x080015fd   Thumb Code    50  bsp_gpio.o(i.Beep_Gpio_Init)
    BusFault_Handler                         0x08001635   Thumb Code     4  stm32f10x_it.o(i.BusFault_Handler)
    DHT11_Read_Data                          0x080016f5   Thumb Code   154  drv_dht11.o(i.DHT11_Read_Data)
    DebugMon_Handler                         0x080017c1   Thumb Code     2  stm32f10x_it.o(i.DebugMon_Handler)
    Dht11_Gpio_Init                          0x080017c5   Thumb Code    70  bsp_gpio.o(i.Dht11_Gpio_Init)
    Dht11_Init                               0x08001811   Thumb Code    18  drv_dht11.o(i.Dht11_Init)
    GPIO_Init                                0x08001823   Thumb Code   278  stm32f10x_gpio.o(i.GPIO_Init)
    GPIO_ReadInputDataBit                    0x08001939   Thumb Code    18  stm32f10x_gpio.o(i.GPIO_ReadInputDataBit)
    GPIO_ResetBits                           0x0800194b   Thumb Code     4  stm32f10x_gpio.o(i.GPIO_ResetBits)
    GPIO_SetBits                             0x0800194f   Thumb Code     4  stm32f10x_gpio.o(i.GPIO_SetBits)
    HardFault_Handler                        0x08001953   Thumb Code     4  stm32f10x_it.o(i.HardFault_Handler)
    HardWare_Init                            0x08001959   Thumb Code    86  main.o(i.HardWare_Init)
    IWDG_Enable                              0x080019dd   Thumb Code    10  stm32f10x_iwdg.o(i.IWDG_Enable)
    IWDG_Feed                                0x080019ed   Thumb Code     8  bsp_wdg.o(i.IWDG_Feed)
    IWDG_Init                                0x080019f5   Thumb Code    36  bsp_wdg.o(i.IWDG_Init)
    IWDG_ReloadCounter                       0x08001a19   Thumb Code    10  stm32f10x_iwdg.o(i.IWDG_ReloadCounter)
    IWDG_SetPrescaler                        0x08001a29   Thumb Code     6  stm32f10x_iwdg.o(i.IWDG_SetPrescaler)
    IWDG_SetReload                           0x08001a35   Thumb Code     6  stm32f10x_iwdg.o(i.IWDG_SetReload)
    IWDG_WriteAccessCmd                      0x08001a41   Thumb Code     6  stm32f10x_iwdg.o(i.IWDG_WriteAccessCmd)
    KEY_Init                                 0x08001a4d   Thumb Code     8  drv_key.o(i.KEY_Init)
    KEY_Scan                                 0x08001a55   Thumb Code   188  drv_key.o(i.KEY_Scan)
    Key_Gpio_Init                            0x08001b1d   Thumb Code    52  bsp_gpio.o(i.Key_Gpio_Init)
    LED_Init                                 0x08001b59   Thumb Code     8  drv_led.o(i.LED_Init)
    Led_Gpio_Init                            0x08001b61   Thumb Code    68  bsp_gpio.o(i.Led_Gpio_Init)
    MemManage_Handler                        0x08001bad   Thumb Code     4  stm32f10x_it.o(i.MemManage_Handler)
    NMI_Handler                              0x08001bb1   Thumb Code     2  stm32f10x_it.o(i.NMI_Handler)
    NVIC_Init                                0x08001bb5   Thumb Code   100  misc.o(i.NVIC_Init)
    NVIC_PriorityGroupConfig                 0x08001c25   Thumb Code    10  misc.o(i.NVIC_PriorityGroupConfig)
    RCC_APB1PeriphClockCmd                   0x08001c39   Thumb Code    26  stm32f10x_rcc.o(i.RCC_APB1PeriphClockCmd)
    RCC_APB2PeriphClockCmd                   0x08001c59   Thumb Code    26  stm32f10x_rcc.o(i.RCC_APB2PeriphClockCmd)
    RCC_ClearFlag                            0x08001c79   Thumb Code    14  stm32f10x_rcc.o(i.RCC_ClearFlag)
    RCC_GetClocksFreq                        0x08001c8d   Thumb Code   192  stm32f10x_rcc.o(i.RCC_GetClocksFreq)
    RCC_GetFlagStatus                        0x08001d61   Thumb Code    56  stm32f10x_rcc.o(i.RCC_GetFlagStatus)
    SysTick_CLKSourceConfig                  0x08001e85   Thumb Code    40  misc.o(i.SysTick_CLKSourceConfig)
    SysTick_Handler                          0x08001ead   Thumb Code    16  delay.o(i.SysTick_Handler)
    SystemInit                               0x08001ebd   Thumb Code    78  system_stm32f10x.o(i.SystemInit)
    TIM3_IRQHandler                          0x08001f1d   Thumb Code    22  bsp_timer.o(i.TIM3_IRQHandler)
    TIM_ClearITPendingBit                    0x08001f39   Thumb Code     6  stm32f10x_tim.o(i.TIM_ClearITPendingBit)
    TIM_GetITStatus                          0x08001f3f   Thumb Code    34  stm32f10x_tim.o(i.TIM_GetITStatus)
    USART1_IRQHandler                        0x08001f61   Thumb Code    96  bsp_usart.o(i.USART1_IRQHandler)
    USART3_IRQHandler                        0x08001fd1   Thumb Code    96  bsp_usart.o(i.USART3_IRQHandler)
    USART_ClearITPendingBit                  0x08002041   Thumb Code    30  stm32f10x_usart.o(i.USART_ClearITPendingBit)
    USART_Cmd                                0x0800205f   Thumb Code    24  stm32f10x_usart.o(i.USART_Cmd)
    USART_GetITStatus                        0x08002077   Thumb Code    84  stm32f10x_usart.o(i.USART_GetITStatus)
    USART_ITConfig                           0x080020cb   Thumb Code    74  stm32f10x_usart.o(i.USART_ITConfig)
    USART_Init                               0x08002115   Thumb Code   210  stm32f10x_usart.o(i.USART_Init)
    USART_ReceiveData                        0x080021ed   Thumb Code    10  stm32f10x_usart.o(i.USART_ReceiveData)
    Uart1_Gpio_Init                          0x080021f9   Thumb Code    62  bsp_gpio.o(i.Uart1_Gpio_Init)
    Uart3_Gpio_Init                          0x0800223d   Thumb Code    62  bsp_gpio.o(i.Uart3_Gpio_Init)
    UsageFault_Handler                       0x08002281   Thumb Code     4  stm32f10x_it.o(i.UsageFault_Handler)
    __ARM_fpclassify                         0x08002285   Thumb Code    40  fpclassify.o(i.__ARM_fpclassify)
    _is_digit                                0x080022ad   Thumb Code    14  __printf_wp.o(i._is_digit)
    _sys_exit                                0x080022bb   Thumb Code     4  bsp_usart.o(i._sys_exit)
    delay_init                               0x080022c1   Thumb Code    74  delay.o(i.delay_init)
    delay_ms                                 0x0800231d   Thumb Code    60  delay.o(i.delay_ms)
    delay_us                                 0x0800235d   Thumb Code    68  delay.o(i.delay_us)
    delay_xms                                0x080023a5   Thumb Code    24  delay.o(i.delay_xms)
    fputc                                    0x080023bd   Thumb Code    24  bsp_usart.o(i.fputc)
    iwdg_task                                0x080023d9   Thumb Code    16  main.o(i.iwdg_task)
    key_task                                 0x080023e9   Thumb Code    64  main.o(i.key_task)
    led_task                                 0x0800242d   Thumb Code    38  main.o(i.led_task)
    main                                     0x08002461   Thumb Code    68  main.o(i.main)
    pvPortMalloc                             0x08003039   Thumb Code   262  heap_4.o(i.pvPortMalloc)
    pvTaskIncrementMutexHeldCount            0x0800318d   Thumb Code    26  tasks.o(i.pvTaskIncrementMutexHeldCount)
    pxPortInitialiseStack                    0x080031ad   Thumb Code    30  port.o(i.pxPortInitialiseStack)
    start_task                               0x080031d1   Thumb Code   124  main.o(i.start_task)
    test_task                                0x080032b1   Thumb Code    84  main.o(i.test_task)
    uart1_init                               0x08003331   Thumb Code   112  bsp_usart.o(i.uart1_init)
    uart3_init                               0x080033a5   Thumb Code   112  bsp_usart.o(i.uart3_init)
    uxListRemove                             0x08003419   Thumb Code    40  list.o(i.uxListRemove)
    vListInitialise                          0x08003441   Thumb Code    26  list.o(i.vListInitialise)
    vListInitialiseItem                      0x0800345b   Thumb Code     6  list.o(i.vListInitialiseItem)
    vListInsert                              0x08003461   Thumb Code    52  list.o(i.vListInsert)
    vListInsertEnd                           0x08003495   Thumb Code    24  list.o(i.vListInsertEnd)
    vPortEnterCritical                       0x080034ad   Thumb Code    68  port.o(i.vPortEnterCritical)
    vPortExitCritical                        0x08003535   Thumb Code    48  port.o(i.vPortExitCritical)
    vPortFree                                0x080035a5   Thumb Code   120  heap_4.o(i.vPortFree)
    vPortSetupTimerInterrupt                 0x0800365d   Thumb Code    26  port.o(i.vPortSetupTimerInterrupt)
    vPortValidateInterruptPriority           0x0800367d   Thumb Code    86  port.o(i.vPortValidateInterruptPriority)
    vQueueAddToRegistry                      0x0800371d   Thumb Code    38  queue.o(i.vQueueAddToRegistry)
    vQueueWaitForMessageRestricted           0x08003749   Thumb Code    74  queue.o(i.vQueueWaitForMessageRestricted)
    vTaskDelay                               0x08003795   Thumb Code    72  tasks.o(i.vTaskDelay)
    vTaskDelete                              0x08003809   Thumb Code   192  tasks.o(i.vTaskDelete)
    vTaskMissedYield                         0x08003915   Thumb Code     8  tasks.o(i.vTaskMissedYield)
    vTaskPlaceOnEventList                    0x08003921   Thumb Code    42  tasks.o(i.vTaskPlaceOnEventList)
    vTaskPlaceOnEventListRestricted          0x08003975   Thumb Code    50  tasks.o(i.vTaskPlaceOnEventListRestricted)
    vTaskPriorityInherit                     0x080039d1   Thumb Code   164  tasks.o(i.vTaskPriorityInherit)
    vTaskResume                              0x08003a81   Thumb Code   118  tasks.o(i.vTaskResume)
    vTaskSetTimeOutState                     0x08003b2d   Thumb Code    32  tasks.o(i.vTaskSetTimeOutState)
    vTaskStartScheduler                      0x08003b79   Thumb Code   108  tasks.o(i.vTaskStartScheduler)
    vTaskSuspend                             0x08003c25   Thumb Code   186  tasks.o(i.vTaskSuspend)
    vTaskSuspendAll                          0x08003d25   Thumb Code    12  tasks.o(i.vTaskSuspendAll)
    vTaskSwitchContext                       0x08003d35   Thumb Code   110  tasks.o(i.vTaskSwitchContext)
    xPortStartScheduler                      0x08003ddd   Thumb Code   140  port.o(i.xPortStartScheduler)
    xPortSysTickHandler                      0x08003e7d   Thumb Code    46  port.o(i.xPortSysTickHandler)
    xQueueGenericCreate                      0x08003eb1   Thumb Code    78  queue.o(i.xQueueGenericCreate)
    xQueueGenericReceive                     0x08003f25   Thumb Code   416  queue.o(i.xQueueGenericReceive)
    xQueueGenericReset                       0x080040ed   Thumb Code   136  queue.o(i.xQueueGenericReset)
    xQueueGenericSend                        0x0800419d   Thumb Code   412  queue.o(i.xQueueGenericSend)
    xQueueGenericSendFromISR                 0x08004361   Thumb Code   234  queue.o(i.xQueueGenericSendFromISR)
    xTaskCheckForTimeOut                     0x08004471   Thumb Code   116  tasks.o(i.xTaskCheckForTimeOut)
    xTaskCreate                              0x08004511   Thumb Code    96  tasks.o(i.xTaskCreate)
    xTaskGetSchedulerState                   0x08004571   Thumb Code    24  tasks.o(i.xTaskGetSchedulerState)
    xTaskGetTickCount                        0x08004591   Thumb Code     6  tasks.o(i.xTaskGetTickCount)
    xTaskIncrementTick                       0x0800459d   Thumb Code   272  tasks.o(i.xTaskIncrementTick)
    xTaskPriorityDisinherit                  0x080046fd   Thumb Code   168  tasks.o(i.xTaskPriorityDisinherit)
    xTaskRemoveFromEventList                 0x080047d5   Thumb Code   118  tasks.o(i.xTaskRemoveFromEventList)
    xTaskResumeAll                           0x08004889   Thumb Code   214  tasks.o(i.xTaskResumeAll)
    xTimerCreateTimerTask                    0x080049a9   Thumb Code    56  timers.o(i.xTimerCreateTimerTask)
    xTimerGenericCommand                     0x08004a1d   Thumb Code   118  timers.o(i.xTimerGenericCommand)
    _get_lc_numeric                          0x08004ac1   Thumb Code    44  lc_numeric_c.o(locale$$code)
    __fpl_dretinf                            0x08004aed   Thumb Code    12  dretinf.o(x$fpl$dretinf)
    __aeabi_f2d                              0x08004af9   Thumb Code     0  f2d.o(x$fpl$f2d)
    _f2d                                     0x08004af9   Thumb Code    86  f2d.o(x$fpl$f2d)
    __aeabi_fadd                             0x08004b51   Thumb Code     0  faddsub_clz.o(x$fpl$fadd)
    _fadd                                    0x08004b51   Thumb Code   196  faddsub_clz.o(x$fpl$fadd)
    __aeabi_fdiv                             0x08004c15   Thumb Code     0  fdiv.o(x$fpl$fdiv)
    _fdiv                                    0x08004c15   Thumb Code   384  fdiv.o(x$fpl$fdiv)
    __aeabi_ui2f                             0x08004d99   Thumb Code     0  fflt_clz.o(x$fpl$ffltu)
    _ffltu                                   0x08004d99   Thumb Code    38  fflt_clz.o(x$fpl$ffltu)
    __fpl_fnaninf                            0x08004dbf   Thumb Code   140  fnaninf.o(x$fpl$fnaninf)
    __fpl_fretinf                            0x08004e4b   Thumb Code    10  fretinf.o(x$fpl$fretinf)
    __aeabi_fsub                             0x08004e55   Thumb Code     0  faddsub_clz.o(x$fpl$fsub)
    _fsub                                    0x08004e55   Thumb Code   234  faddsub_clz.o(x$fpl$fsub)
    _printf_fp_dec                           0x08004f3f   Thumb Code     4  printf1.o(x$fpl$printf1)
    __I$use$fp                               0x08004f42   Number         0  usenofp.o(x$fpl$usenofp)
    Region$$Table$$Base                      0x08004fd8   Number         0  anon$$obj.o(Region$$Table)
    Region$$Table$$Limit                     0x08004ff8   Number         0  anon$$obj.o(Region$$Table)
    START_TASK_HANDLER                       0x20000000   Data           4  main.o(.data)
    IWDG_TASK_HANDLER                        0x20000004   Data           4  main.o(.data)
    LED_TASK_HANDLER                         0x20000008   Data           4  main.o(.data)
    KEY_TASK_HANDLER                         0x2000000c   Data           4  main.o(.data)
    TEST_TASK_HANDLER                        0x20000010   Data           4  main.o(.data)
    UART1_QUEUE                              0x20000014   Data           4  main.o(.data)
    SystemCoreClock                          0x20000018   Data           4  system_stm32f10x.o(.data)
    AHBPrescTable                            0x2000001c   Data          16  system_stm32f10x.o(.data)
    Uart1_Rx_Cnt                             0x20000030   Data           1  bsp_usart.o(.data)
    Uart1_Rx_Flag                            0x20000031   Data           1  bsp_usart.o(.data)
    Uart3_Rx_Cnt                             0x20000032   Data           1  bsp_usart.o(.data)
    Uart3_Rx_Flag                            0x20000033   Data           1  bsp_usart.o(.data)
    __stdout                                 0x20000034   Data           4  bsp_usart.o(.data)
    pxCurrentTCB                             0x20000050   Data           4  tasks.o(.data)
    Uart1_Rx_Buf                             0x200000c4   Data          50  bsp_usart.o(.bss)
    Uart3_Rx_Buf                             0x200000f6   Data          50  bsp_usart.o(.bss)
    xQueueRegistry                           0x20000128   Data          64  queue.o(.bss)
    __libspace_start                         0x20005474   Data          96  libspace.o(.bss)
    __temporary_stack_top$libspace           0x200054d4   Data           0  libspace.o(.bss)



==============================================================================

Memory Map of the image

  Image Entry point : 0x08000289

  Load Region LR_1 (Base: 0x08000000, Size: 0x000050d8, Max: 0xffffffff, ABSOLUTE)

    Execution Region ER_RO (Base: 0x08000000, Size: 0x00005014, Max: 0xffffffff, ABSOLUTE)

    Base Addr    Size         Type   Attr      Idx    E Section Name        Object

    0x08000000   0x00000130   Data   RO          631    RESET               startup_stm32f10x_hd.o
    0x08000130   0x00000008   Code   RO         2840  * !!!main             c_w.l(__main.o)
    0x08000138   0x00000034   Code   RO         3089    !!!scatter          c_w.l(__scatter.o)
    0x0800016c   0x0000001a   Code   RO         3091    !!handler_copy      c_w.l(__scatter_copy.o)
    0x08000186   0x00000002   PAD
    0x08000188   0x0000001c   Code   RO         3093    !!handler_zi        c_w.l(__scatter_zi.o)
    0x080001a4   0x00000000   Code   RO         2829    .ARM.Collect$$_printf_percent$$00000000  c_w.l(_printf_percent.o)
    0x080001a4   0x00000006   Code   RO         2828    .ARM.Collect$$_printf_percent$$00000003  c_w.l(_printf_f.o)
    0x080001aa   0x00000006   Code   RO         2826    .ARM.Collect$$_printf_percent$$00000009  c_w.l(_printf_d.o)
    0x080001b0   0x00000006   Code   RO         2825    .ARM.Collect$$_printf_percent$$00000014  c_w.l(_printf_s.o)
    0x080001b6   0x00000004   Code   RO         2877    .ARM.Collect$$_printf_percent$$00000017  c_w.l(_printf_percent_end.o)
    0x080001ba   0x00000002   Code   RO         2967    .ARM.Collect$$libinit$$00000000  c_w.l(libinit.o)
    0x080001bc   0x00000000   Code   RO         2969    .ARM.Collect$$libinit$$00000002  c_w.l(libinit2.o)
    0x080001bc   0x00000000   Code   RO         2971    .ARM.Collect$$libinit$$00000004  c_w.l(libinit2.o)
    0x080001bc   0x00000000   Code   RO         2974    .ARM.Collect$$libinit$$0000000A  c_w.l(libinit2.o)
    0x080001bc   0x00000000   Code   RO         2976    .ARM.Collect$$libinit$$0000000C  c_w.l(libinit2.o)
    0x080001bc   0x00000000   Code   RO         2978    .ARM.Collect$$libinit$$0000000E  c_w.l(libinit2.o)
    0x080001bc   0x00000006   Code   RO         2979    .ARM.Collect$$libinit$$0000000F  c_w.l(libinit2.o)
    0x080001c2   0x00000000   Code   RO         2981    .ARM.Collect$$libinit$$00000011  c_w.l(libinit2.o)
    0x080001c2   0x00000000   Code   RO         2983    .ARM.Collect$$libinit$$00000013  c_w.l(libinit2.o)
    0x080001c2   0x00000000   Code   RO         2985    .ARM.Collect$$libinit$$00000015  c_w.l(libinit2.o)
    0x080001c2   0x0000000a   Code   RO         2986    .ARM.Collect$$libinit$$00000016  c_w.l(libinit2.o)
    0x080001cc   0x00000000   Code   RO         2987    .ARM.Collect$$libinit$$00000017  c_w.l(libinit2.o)
    0x080001cc   0x00000000   Code   RO         2989    .ARM.Collect$$libinit$$00000019  c_w.l(libinit2.o)
    0x080001cc   0x00000000   Code   RO         2991    .ARM.Collect$$libinit$$0000001B  c_w.l(libinit2.o)
    0x080001cc   0x00000000   Code   RO         2993    .ARM.Collect$$libinit$$0000001D  c_w.l(libinit2.o)
    0x080001cc   0x00000000   Code   RO         2995    .ARM.Collect$$libinit$$0000001F  c_w.l(libinit2.o)
    0x080001cc   0x00000000   Code   RO         2997    .ARM.Collect$$libinit$$00000021  c_w.l(libinit2.o)
    0x080001cc   0x00000000   Code   RO         2999    .ARM.Collect$$libinit$$00000023  c_w.l(libinit2.o)
    0x080001cc   0x00000000   Code   RO         3001    .ARM.Collect$$libinit$$00000025  c_w.l(libinit2.o)
    0x080001cc   0x00000000   Code   RO         3005    .ARM.Collect$$libinit$$0000002C  c_w.l(libinit2.o)
    0x080001cc   0x00000000   Code   RO         3007    .ARM.Collect$$libinit$$0000002E  c_w.l(libinit2.o)
    0x080001cc   0x00000000   Code   RO         3009    .ARM.Collect$$libinit$$00000030  c_w.l(libinit2.o)
    0x080001cc   0x00000000   Code   RO         3011    .ARM.Collect$$libinit$$00000032  c_w.l(libinit2.o)
    0x080001cc   0x00000002   Code   RO         3012    .ARM.Collect$$libinit$$00000033  c_w.l(libinit2.o)
    0x080001ce   0x00000002   Code   RO         3040    .ARM.Collect$$libshutdown$$00000000  c_w.l(libshutdown.o)
    0x080001d0   0x00000000   Code   RO         3050    .ARM.Collect$$libshutdown$$00000003  c_w.l(libshutdown2.o)
    0x080001d0   0x00000000   Code   RO         3053    .ARM.Collect$$libshutdown$$00000006  c_w.l(libshutdown2.o)
    0x080001d0   0x00000000   Code   RO         3056    .ARM.Collect$$libshutdown$$00000009  c_w.l(libshutdown2.o)
    0x080001d0   0x00000000   Code   RO         3058    .ARM.Collect$$libshutdown$$0000000B  c_w.l(libshutdown2.o)
    0x080001d0   0x00000000   Code   RO         3061    .ARM.Collect$$libshutdown$$0000000E  c_w.l(libshutdown2.o)
    0x080001d0   0x00000002   Code   RO         3062    .ARM.Collect$$libshutdown$$0000000F  c_w.l(libshutdown2.o)
    0x080001d2   0x00000000   Code   RO         2864    .ARM.Collect$$rtentry$$00000000  c_w.l(__rtentry.o)
    0x080001d2   0x00000000   Code   RO         2890    .ARM.Collect$$rtentry$$00000002  c_w.l(__rtentry2.o)
    0x080001d2   0x00000006   Code   RO         2902    .ARM.Collect$$rtentry$$00000004  c_w.l(__rtentry4.o)
    0x080001d8   0x00000000   Code   RO         2892    .ARM.Collect$$rtentry$$00000009  c_w.l(__rtentry2.o)
    0x080001d8   0x00000004   Code   RO         2893    .ARM.Collect$$rtentry$$0000000A  c_w.l(__rtentry2.o)
    0x080001dc   0x00000000   Code   RO         2895    .ARM.Collect$$rtentry$$0000000C  c_w.l(__rtentry2.o)
    0x080001dc   0x00000008   Code   RO         2896    .ARM.Collect$$rtentry$$0000000D  c_w.l(__rtentry2.o)
    0x080001e4   0x00000002   Code   RO         3013    .ARM.Collect$$rtexit$$00000000  c_w.l(rtexit.o)
    0x080001e6   0x00000000   Code   RO         3020    .ARM.Collect$$rtexit$$00000002  c_w.l(rtexit2.o)
    0x080001e6   0x00000004   Code   RO         3021    .ARM.Collect$$rtexit$$00000003  c_w.l(rtexit2.o)
    0x080001ea   0x00000006   Code   RO         3022    .ARM.Collect$$rtexit$$00000004  c_w.l(rtexit2.o)
    0x080001f0   0x00000096   Code   RO         2660    .emb_text           port.o
    0x08000286   0x00000002   PAD
    0x08000288   0x00000040   Code   RO          632  * .text               startup_stm32f10x_hd.o
    0x080002c8   0x00000002   Code   RO         2788    .text               c_w.l(use_no_semi_2.o)
    0x080002ca   0x00000002   PAD
    0x080002cc   0x00000018   Code   RO         2794    .text               c_w.l(noretval__2printf.o)
    0x080002e4   0x00000052   Code   RO         2800    .text               c_w.l(_printf_str.o)
    0x08000336   0x00000002   PAD
    0x08000338   0x00000078   Code   RO         2802    .text               c_w.l(_printf_dec.o)
    0x080003b0   0x0000010e   Code   RO         2812    .text               c_w.l(__printf_wp.o)
    0x080004be   0x0000008a   Code   RO         2834    .text               c_w.l(rt_memcpy_v6.o)
    0x08000548   0x00000010   Code   RO         2836    .text               c_w.l(aeabi_memset.o)
    0x08000558   0x00000006   Code   RO         2838    .text               c_w.l(heapauxi.o)
    0x0800055e   0x00000002   Code   RO         2862    .text               c_w.l(use_no_semi.o)
    0x08000560   0x000000b2   Code   RO         2865    .text               c_w.l(_printf_intcommon.o)
    0x08000612   0x0000041a   Code   RO         2867    .text               c_w.l(_printf_fp_dec.o)
    0x08000a2c   0x00000030   Code   RO         2869    .text               c_w.l(_printf_char_common.o)
    0x08000a5c   0x0000002c   Code   RO         2873    .text               c_w.l(_printf_char.o)
    0x08000a88   0x00000024   Code   RO         2875    .text               c_w.l(_printf_char_file.o)
    0x08000aac   0x00000064   Code   RO         2878    .text               c_w.l(rt_memcpy_w.o)
    0x08000b10   0x00000044   Code   RO         2880    .text               c_w.l(rt_memclr.o)
    0x08000b54   0x00000008   Code   RO         2907    .text               c_w.l(rt_locale_intlibspace.o)
    0x08000b5c   0x0000008a   Code   RO         2909    .text               c_w.l(lludiv10.o)
    0x08000be6   0x00000002   PAD
    0x08000be8   0x00000080   Code   RO         2911    .text               c_w.l(_printf_fp_infnan.o)
    0x08000c68   0x000000dc   Code   RO         2915    .text               c_w.l(bigflt0.o)
    0x08000d44   0x00000008   Code   RO         2940    .text               c_w.l(ferror.o)
    0x08000d4c   0x0000004e   Code   RO         2947    .text               c_w.l(rt_memclr_w.o)
    0x08000d9a   0x00000002   PAD
    0x08000d9c   0x00000008   Code   RO         2953    .text               c_w.l(libspace.o)
    0x08000da4   0x0000004a   Code   RO         2956    .text               c_w.l(sys_stackheap_outer.o)
    0x08000dee   0x0000000c   Code   RO         2958    .text               c_w.l(exit.o)
    0x08000dfa   0x00000002   PAD
    0x08000dfc   0x00000080   Code   RO         2960    .text               c_w.l(strcmpv7m.o)
    0x08000e7c   0x0000003e   Code   RO         2918    CL$$btod_d2e        c_w.l(btod.o)
    0x08000eba   0x00000046   Code   RO         2920    CL$$btod_d2e_denorm_low  c_w.l(btod.o)
    0x08000f00   0x00000060   Code   RO         2919    CL$$btod_d2e_norm_op1  c_w.l(btod.o)
    0x08000f60   0x00000338   Code   RO         2928    CL$$btod_div_common  c_w.l(btod.o)
    0x08001298   0x000000c6   Code   RO         2925    CL$$btod_e2e        c_w.l(btod.o)
    0x0800135e   0x00000028   Code   RO         2922    CL$$btod_ediv       c_w.l(btod.o)
    0x08001386   0x00000028   Code   RO         2921    CL$$btod_emul       c_w.l(btod.o)
    0x080013ae   0x00000244   Code   RO         2927    CL$$btod_mult_common  c_w.l(btod.o)
    0x080015f2   0x00000008   Code   RO          321    i.BEEP_Init         drv_beep.o
    0x080015fa   0x00000002   PAD
    0x080015fc   0x00000038   Code   RO          510    i.Beep_Gpio_Init    bsp_gpio.o
    0x08001634   0x00000004   Code   RO          216    i.BusFault_Handler  stm32f10x_it.o
    0x08001638   0x00000050   Code   RO          364    i.DHT11_Check       drv_dht11.o
    0x08001688   0x0000004c   Code   RO          365    i.DHT11_Read_Bit    drv_dht11.o
    0x080016d4   0x0000001e   Code   RO          366    i.DHT11_Read_Byte   drv_dht11.o
    0x080016f2   0x00000002   PAD
    0x080016f4   0x000000a0   Code   RO          367    i.DHT11_Read_Data   drv_dht11.o
    0x08001794   0x0000002c   Code   RO          368    i.DHT11_Rst         drv_dht11.o
    0x080017c0   0x00000002   Code   RO          217    i.DebugMon_Handler  stm32f10x_it.o
    0x080017c2   0x00000002   PAD
    0x080017c4   0x0000004c   Code   RO          511    i.Dht11_Gpio_Init   bsp_gpio.o
    0x08001810   0x00000012   Code   RO          369    i.Dht11_Init        drv_dht11.o
    0x08001822   0x00000116   Code   RO          678    i.GPIO_Init         stm32f10x_gpio.o
    0x08001938   0x00000012   Code   RO          682    i.GPIO_ReadInputDataBit  stm32f10x_gpio.o
    0x0800194a   0x00000004   Code   RO          685    i.GPIO_ResetBits    stm32f10x_gpio.o
    0x0800194e   0x00000004   Code   RO          686    i.GPIO_SetBits      stm32f10x_gpio.o
    0x08001952   0x00000004   Code   RO          218    i.HardFault_Handler  stm32f10x_it.o
    0x08001956   0x00000002   PAD
    0x08001958   0x00000084   Code   RO            1    i.HardWare_Init     main.o
    0x080019dc   0x00000010   Code   RO         1190    i.IWDG_Enable       stm32f10x_iwdg.o
    0x080019ec   0x00000008   Code   RO          492    i.IWDG_Feed         bsp_wdg.o
    0x080019f4   0x00000024   Code   RO          493    i.IWDG_Init         bsp_wdg.o
    0x08001a18   0x00000010   Code   RO         1192    i.IWDG_ReloadCounter  stm32f10x_iwdg.o
    0x08001a28   0x0000000c   Code   RO         1193    i.IWDG_SetPrescaler  stm32f10x_iwdg.o
    0x08001a34   0x0000000c   Code   RO         1194    i.IWDG_SetReload    stm32f10x_iwdg.o
    0x08001a40   0x0000000c   Code   RO         1195    i.IWDG_WriteAccessCmd  stm32f10x_iwdg.o
    0x08001a4c   0x00000008   Code   RO          333    i.KEY_Init          drv_key.o
    0x08001a54   0x000000c8   Code   RO          334    i.KEY_Scan          drv_key.o
    0x08001b1c   0x0000003c   Code   RO          512    i.Key_Gpio_Init     bsp_gpio.o
    0x08001b58   0x00000008   Code   RO          352    i.LED_Init          drv_led.o
    0x08001b60   0x0000004c   Code   RO          513    i.Led_Gpio_Init     bsp_gpio.o
    0x08001bac   0x00000004   Code   RO          219    i.MemManage_Handler  stm32f10x_it.o
    0x08001bb0   0x00000002   Code   RO          220    i.NMI_Handler       stm32f10x_it.o
    0x08001bb2   0x00000002   PAD
    0x08001bb4   0x00000070   Code   RO          636    i.NVIC_Init         misc.o
    0x08001c24   0x00000014   Code   RO          637    i.NVIC_PriorityGroupConfig  misc.o
    0x08001c38   0x00000020   Code   RO          812    i.RCC_APB1PeriphClockCmd  stm32f10x_rcc.o
    0x08001c58   0x00000020   Code   RO          814    i.RCC_APB2PeriphClockCmd  stm32f10x_rcc.o
    0x08001c78   0x00000014   Code   RO          818    i.RCC_ClearFlag     stm32f10x_rcc.o
    0x08001c8c   0x000000d4   Code   RO          822    i.RCC_GetClocksFreq  stm32f10x_rcc.o
    0x08001d60   0x0000003c   Code   RO          823    i.RCC_GetFlagStatus  stm32f10x_rcc.o
    0x08001d9c   0x00000008   Code   RO          287    i.SetSysClock       system_stm32f10x.o
    0x08001da4   0x000000e0   Code   RO          288    i.SetSysClockTo72   system_stm32f10x.o
    0x08001e84   0x00000028   Code   RO          640    i.SysTick_CLKSourceConfig  misc.o
    0x08001eac   0x00000010   Code   RO          552    i.SysTick_Handler   delay.o
    0x08001ebc   0x00000060   Code   RO          290    i.SystemInit        system_stm32f10x.o
    0x08001f1c   0x0000001c   Code   RO          406    i.TIM3_IRQHandler   bsp_timer.o
    0x08001f38   0x00000006   Code   RO         1243    i.TIM_ClearITPendingBit  stm32f10x_tim.o
    0x08001f3e   0x00000022   Code   RO         1269    i.TIM_GetITStatus   stm32f10x_tim.o
    0x08001f60   0x00000070   Code   RO          426    i.USART1_IRQHandler  bsp_usart.o
    0x08001fd0   0x00000070   Code   RO          427    i.USART3_IRQHandler  bsp_usart.o
    0x08002040   0x0000001e   Code   RO         1011    i.USART_ClearITPendingBit  stm32f10x_usart.o
    0x0800205e   0x00000018   Code   RO         1014    i.USART_Cmd         stm32f10x_usart.o
    0x08002076   0x00000054   Code   RO         1018    i.USART_GetITStatus  stm32f10x_usart.o
    0x080020ca   0x0000004a   Code   RO         1020    i.USART_ITConfig    stm32f10x_usart.o
    0x08002114   0x000000d8   Code   RO         1021    i.USART_Init        stm32f10x_usart.o
    0x080021ec   0x0000000a   Code   RO         1028    i.USART_ReceiveData  stm32f10x_usart.o
    0x080021f6   0x00000002   PAD
    0x080021f8   0x00000044   Code   RO          514    i.Uart1_Gpio_Init   bsp_gpio.o
    0x0800223c   0x00000044   Code   RO          515    i.Uart3_Gpio_Init   bsp_gpio.o
    0x08002280   0x00000004   Code   RO          221    i.UsageFault_Handler  stm32f10x_it.o
    0x08002284   0x00000028   Code   RO         2951    i.__ARM_fpclassify  m_ws.l(fpclassify.o)
    0x080022ac   0x0000000e   Code   RO         2814    i._is_digit         c_w.l(__printf_wp.o)
    0x080022ba   0x00000004   Code   RO          428    i._sys_exit         bsp_usart.o
    0x080022be   0x00000002   PAD
    0x080022c0   0x0000005c   Code   RO          553    i.delay_init        delay.o
    0x0800231c   0x00000040   Code   RO          554    i.delay_ms          delay.o
    0x0800235c   0x00000048   Code   RO          555    i.delay_us          delay.o
    0x080023a4   0x00000018   Code   RO          556    i.delay_xms         delay.o
    0x080023bc   0x0000001c   Code   RO          429    i.fputc             bsp_usart.o
    0x080023d8   0x00000010   Code   RO            2    i.iwdg_task         main.o
    0x080023e8   0x00000044   Code   RO            3    i.key_task          main.o
    0x0800242c   0x00000034   Code   RO            4    i.led_task          main.o
    0x08002460   0x00000070   Code   RO            5    i.main              main.o
    0x080024d0   0x00000098   Code   RO         2170    i.prvAddCurrentTaskToDelayedList  tasks.o
    0x08002568   0x000000b8   Code   RO         2171    i.prvAddNewTaskToReadyList  tasks.o
    0x08002620   0x00000064   Code   RO         2530    i.prvCheckForValidListAndQueue  timers.o
    0x08002684   0x00000064   Code   RO         2172    i.prvCheckTasksWaitingTermination  tasks.o
    0x080026e8   0x0000002a   Code   RO         1937    i.prvCopyDataFromQueue  queue.o
    0x08002712   0x0000007c   Code   RO         1938    i.prvCopyDataToQueue  queue.o
    0x0800278e   0x00000012   Code   RO         2173    i.prvDeleteTCB      tasks.o
    0x080027a0   0x00000028   Code   RO         2531    i.prvGetNextExpireTime  timers.o
    0x080027c8   0x0000007c   Code   RO         2737    i.prvHeapInit       heap_4.o
    0x08002844   0x00000028   Code   RO         2174    i.prvIdleTask       tasks.o
    0x0800286c   0x0000002e   Code   RO         1940    i.prvInitialiseNewQueue  queue.o
    0x0800289a   0x00000002   PAD
    0x0800289c   0x000000d0   Code   RO         2175    i.prvInitialiseNewTask  tasks.o
    0x0800296c   0x00000068   Code   RO         2176    i.prvInitialiseTaskLists  tasks.o
    0x080029d4   0x00000068   Code   RO         2738    i.prvInsertBlockIntoFreeList  heap_4.o
    0x08002a3c   0x00000058   Code   RO         2533    i.prvInsertTimerInActiveList  timers.o
    0x08002a94   0x0000001a   Code   RO         1941    i.prvIsQueueEmpty   queue.o
    0x08002aae   0x0000001e   Code   RO         1942    i.prvIsQueueFull    queue.o
    0x08002acc   0x000000a0   Code   RO         1943    i.prvNotifyQueueSetContainer  queue.o
    0x08002b6c   0x00000080   Code   RO         2534    i.prvProcessExpiredTimer  timers.o
    0x08002bec   0x0000012c   Code   RO         2535    i.prvProcessReceivedCommands  timers.o
    0x08002d18   0x00000074   Code   RO         2536    i.prvProcessTimerOrBlockTask  timers.o
    0x08002d8c   0x00000034   Code   RO         2178    i.prvResetNextTaskUnblockTime  tasks.o
    0x08002dc0   0x0000002c   Code   RO         2537    i.prvSampleTimeNow  timers.o
    0x08002dec   0x000000bc   Code   RO         2538    i.prvSwitchTimerLists  timers.o
    0x08002ea8   0x00000070   Code   RO         2661    i.prvTaskExitError  port.o
    0x08002f18   0x00000074   Code   RO         2180    i.prvTaskIsTaskSuspended  tasks.o
    0x08002f8c   0x0000001a   Code   RO         2539    i.prvTimerTask      timers.o
    0x08002fa6   0x00000092   Code   RO         1944    i.prvUnlockQueue    queue.o
    0x08003038   0x00000154   Code   RO         2739    i.pvPortMalloc      heap_4.o
    0x0800318c   0x00000020   Code   RO         2182    i.pvTaskIncrementMutexHeldCount  tasks.o
    0x080031ac   0x00000024   Code   RO         2662    i.pxPortInitialiseStack  port.o
    0x080031d0   0x000000e0   Code   RO            6    i.start_task        main.o
    0x080032b0   0x00000080   Code   RO            7    i.test_task         main.o
    0x08003330   0x00000074   Code   RO          430    i.uart1_init        bsp_usart.o
    0x080033a4   0x00000074   Code   RO          431    i.uart3_init        bsp_usart.o
    0x08003418   0x00000028   Code   RO         1900    i.uxListRemove      list.o
    0x08003440   0x0000001a   Code   RO         1901    i.vListInitialise   list.o
    0x0800345a   0x00000006   Code   RO         1902    i.vListInitialiseItem  list.o
    0x08003460   0x00000034   Code   RO         1903    i.vListInsert       list.o
    0x08003494   0x00000018   Code   RO         1904    i.vListInsertEnd    list.o
    0x080034ac   0x00000088   Code   RO         2664    i.vPortEnterCritical  port.o
    0x08003534   0x00000070   Code   RO         2665    i.vPortExitCritical  port.o
    0x080035a4   0x000000b8   Code   RO         2740    i.vPortFree         heap_4.o
    0x0800365c   0x00000020   Code   RO         2666    i.vPortSetupTimerInterrupt  port.o
    0x0800367c   0x000000a0   Code   RO         2667    i.vPortValidateInterruptPriority  port.o
    0x0800371c   0x0000002c   Code   RO         1950    i.vQueueAddToRegistry  queue.o
    0x08003748   0x0000004a   Code   RO         1954    i.vQueueWaitForMessageRestricted  queue.o
    0x08003792   0x00000002   PAD
    0x08003794   0x00000074   Code   RO         2190    i.vTaskDelay        tasks.o
    0x08003808   0x0000010c   Code   RO         2192    i.vTaskDelete       tasks.o
    0x08003914   0x0000000c   Code   RO         2196    i.vTaskMissedYield  tasks.o
    0x08003920   0x00000054   Code   RO         2198    i.vTaskPlaceOnEventList  tasks.o
    0x08003974   0x0000005c   Code   RO         2199    i.vTaskPlaceOnEventListRestricted  tasks.o
    0x080039d0   0x000000b0   Code   RO         2201    i.vTaskPriorityInherit  tasks.o
    0x08003a80   0x000000ac   Code   RO         2203    i.vTaskResume       tasks.o
    0x08003b2c   0x0000004c   Code   RO         2205    i.vTaskSetTimeOutState  tasks.o
    0x08003b78   0x000000ac   Code   RO         2206    i.vTaskStartScheduler  tasks.o
    0x08003c24   0x00000100   Code   RO         2207    i.vTaskSuspend      tasks.o
    0x08003d24   0x00000010   Code   RO         2208    i.vTaskSuspendAll   tasks.o
    0x08003d34   0x000000a8   Code   RO         2209    i.vTaskSwitchContext  tasks.o
    0x08003ddc   0x000000a0   Code   RO         2668    i.xPortStartScheduler  port.o
    0x08003e7c   0x00000034   Code   RO         2669    i.xPortSysTickHandler  port.o
    0x08003eb0   0x00000074   Code   RO         1959    i.xQueueGenericCreate  queue.o
    0x08003f24   0x000001c8   Code   RO         1960    i.xQueueGenericReceive  queue.o
    0x080040ec   0x000000b0   Code   RO         1961    i.xQueueGenericReset  queue.o
    0x0800419c   0x000001c4   Code   RO         1962    i.xQueueGenericSend  queue.o
    0x08004360   0x00000110   Code   RO         1963    i.xQueueGenericSendFromISR  queue.o
    0x08004470   0x000000a0   Code   RO         2210    i.xTaskCheckForTimeOut  tasks.o
    0x08004510   0x00000060   Code   RO         2211    i.xTaskCreate       tasks.o
    0x08004570   0x00000020   Code   RO         2215    i.xTaskGetSchedulerState  tasks.o
    0x08004590   0x0000000c   Code   RO         2216    i.xTaskGetTickCount  tasks.o
    0x0800459c   0x00000160   Code   RO         2218    i.xTaskIncrementTick  tasks.o
    0x080046fc   0x000000d8   Code   RO         2221    i.xTaskPriorityDisinherit  tasks.o
    0x080047d4   0x000000b4   Code   RO         2222    i.xTaskRemoveFromEventList  tasks.o
    0x08004888   0x00000120   Code   RO         2224    i.xTaskResumeAll    tasks.o
    0x080049a8   0x00000074   Code   RO         2543    i.xTimerCreateTimerTask  timers.o
    0x08004a1c   0x000000a4   Code   RO         2544    i.xTimerGenericCommand  timers.o
    0x08004ac0   0x0000002c   Code   RO         2945    locale$$code        c_w.l(lc_numeric_c.o)
    0x08004aec   0x0000000c   Code   RO         2882    x$fpl$dretinf       fz_ws.l(dretinf.o)
    0x08004af8   0x00000056   Code   RO         2842    x$fpl$f2d           fz_ws.l(f2d.o)
    0x08004b4e   0x00000002   PAD
    0x08004b50   0x000000c4   Code   RO         2844    x$fpl$fadd          fz_ws.l(faddsub_clz.o)
    0x08004c14   0x00000184   Code   RO         2851    x$fpl$fdiv          fz_ws.l(fdiv.o)
    0x08004d98   0x00000026   Code   RO         2854    x$fpl$ffltu         fz_ws.l(fflt_clz.o)
    0x08004dbe   0x0000008c   Code   RO         2884    x$fpl$fnaninf       fz_ws.l(fnaninf.o)
    0x08004e4a   0x0000000a   Code   RO         2886    x$fpl$fretinf       fz_ws.l(fretinf.o)
    0x08004e54   0x000000ea   Code   RO         2846    x$fpl$fsub          fz_ws.l(faddsub_clz.o)
    0x08004f3e   0x00000004   Code   RO         2860    x$fpl$printf1       fz_ws.l(printf1.o)
    0x08004f42   0x00000000   Code   RO         2888    x$fpl$usenofp       fz_ws.l(usenofp.o)
    0x08004f42   0x00000002   PAD
    0x08004f44   0x00000094   Data   RO         2916    .constdata          c_w.l(bigflt0.o)
    0x08004fd8   0x00000020   Data   RO         3087    Region$$Table       anon$$obj.o
    0x08004ff8   0x0000001c   Data   RO         2944    locale$$data        c_w.l(lc_numeric_c.o)


    Execution Region ER_RW (Base: 0x20000000, Size: 0x000000c4, Max: 0xffffffff, ABSOLUTE)

    Base Addr    Size         Type   Attr      Idx    E Section Name        Object

    0x20000000   0x00000018   Data   RW            8    .data               main.o
    0x20000018   0x00000014   Data   RW          291    .data               system_stm32f10x.o
    0x2000002c   0x00000001   Data   RW          335    .data               drv_key.o
    0x2000002d   0x00000003   PAD
    0x20000030   0x00000008   Data   RW          433    .data               bsp_usart.o
    0x20000038   0x00000004   Data   RW          557    .data               delay.o
    0x2000003c   0x00000014   Data   RW          842    .data               stm32f10x_rcc.o
    0x20000050   0x0000003c   Data   RW         2227    .data               tasks.o
    0x2000008c   0x00000014   Data   RW         2552    .data               timers.o
    0x200000a0   0x0000000c   Data   RW         2670    .data               port.o
    0x200000ac   0x00000018   Data   RW         2745    .data               heap_4.o


    Execution Region ER_ZI (Base: 0x200000c4, Size: 0x00005a14, Max: 0xffffffff, ABSOLUTE)

    Base Addr    Size         Type   Attr      Idx    E Section Name        Object

    0x200000c4   0x00000064   Zero   RW          432    .bss                bsp_usart.o
    0x20000128   0x00000040   Zero   RW         1974    .bss                queue.o
    0x20000168   0x000002e4   Zero   RW         2226    .bss                tasks.o
    0x2000044c   0x00000028   Zero   RW         2551    .bss                timers.o
    0x20000474   0x00005000   Zero   RW         2744    .bss                heap_4.o
    0x20005474   0x00000060   Zero   RW         2954    .bss                c_w.l(libspace.o)
    0x200054d4   0x00000004   PAD
    0x200054d8   0x00000200   Zero   RW          630    HEAP                startup_stm32f10x_hd.o
    0x200056d8   0x00000400   Zero   RW          629    STACK               startup_stm32f10x_hd.o


==============================================================================

Image component sizes


      Code (inc. data)   RO Data    RW Data    ZI Data      Debug   Object Name

       404         40          0          0          0       2911   bsp_gpio.o
        28          6          0          0          0        462   bsp_timer.o
       488         44          0          8        100       5216   bsp_usart.o
        44          0          0          0          0        912   bsp_wdg.o
       268         26          0          4          0       2669   delay.o
         8          0          0          0          0        408   drv_beep.o
       408         24          0          0          0       3087   drv_dht11.o
       208         12          0          1          0       1042   drv_key.o
         8          0          0          0          0        403   drv_led.o
         0          0          0          0          0       9336   event_groups.o
       752        176          0         24      20480       3687   heap_4.o
       148          0          0          0          0       2894   list.o
       732        252          0         24          0     271925   main.o
       172         22          0          0          0       1961   misc.o
       950        320          0         12          0       9853   port.o
      2164        238          0          0         64      12161   queue.o
        64         26        304          0       1536        776   startup_stm32f10x_hd.o
       304          0          0          0          0       3516   stm32f10x_gpio.o
        20          0          0          0          0       2337   stm32f10x_it.o
        68         30          0          0          0       2362   stm32f10x_iwdg.o
       356         42          0         20          0       5382   stm32f10x_rcc.o
        40          0          0          0          0       1666   stm32f10x_tim.o
       438          6          0          0          0       5420   stm32f10x_usart.o
         0          0          0          0          0         32   sys.o
       328         28          0         20          0       1965   system_stm32f10x.o
      3950       1046          0         60        740      29284   tasks.o
      1310        312          0         20         40       7975   timers.o

    ----------------------------------------------------------------------
     13680       2650        336        196      22960     389642   Object Totals
         0          0         32          0          0          0   (incl. Generated)
        20          0          0          3          0          0   (incl. Padding)

    ----------------------------------------------------------------------

      Code (inc. data)   RO Data    RW Data    ZI Data      Debug   Library Member Name

         8          0          0          0          0         68   __main.o
       284          0          0          0          0        156   __printf_wp.o
         0          0          0          0          0          0   __rtentry.o
        12          0          0          0          0          0   __rtentry2.o
         6          0          0          0          0          0   __rtentry4.o
        52          8          0          0          0          0   __scatter.o
        26          0          0          0          0          0   __scatter_copy.o
        28          0          0          0          0          0   __scatter_zi.o
        44          0          0          0          0        108   _printf_char.o
        48          6          0          0          0         96   _printf_char_common.o
        36          4          0          0          0         80   _printf_char_file.o
         6          0          0          0          0          0   _printf_d.o
       120         16          0          0          0         92   _printf_dec.o
         6          0          0          0          0          0   _printf_f.o
      1050          0          0          0          0        216   _printf_fp_dec.o
       128         16          0          0          0         84   _printf_fp_infnan.o
       178          0          0          0          0         88   _printf_intcommon.o
         0          0          0          0          0          0   _printf_percent.o
         4          0          0          0          0          0   _printf_percent_end.o
         6          0          0          0          0          0   _printf_s.o
        82          0          0          0          0         80   _printf_str.o
        16          0          0          0          0         68   aeabi_memset.o
       220          4        148          0          0         96   bigflt0.o
      1910        128          0          0          0        672   btod.o
        12          0          0          0          0         72   exit.o
         8          0          0          0          0         68   ferror.o
         6          0          0          0          0        152   heapauxi.o
        44         10         28          0          0         76   lc_numeric_c.o
         2          0          0          0          0          0   libinit.o
        18          0          0          0          0          0   libinit2.o
         2          0          0          0          0          0   libshutdown.o
         2          0          0          0          0          0   libshutdown2.o
         8          4          0          0         96         68   libspace.o
       138          0          0          0          0         80   lludiv10.o
        24          4          0          0          0         84   noretval__2printf.o
         8          4          0          0          0         68   rt_locale_intlibspace.o
        68          0          0          0          0         68   rt_memclr.o
        78          0          0          0          0         80   rt_memclr_w.o
       138          0          0          0          0         68   rt_memcpy_v6.o
       100          0          0          0          0         80   rt_memcpy_w.o
         2          0          0          0          0          0   rtexit.o
        10          0          0          0          0          0   rtexit2.o
       128          0          0          0          0         68   strcmpv7m.o
        74          0          0          0          0         80   sys_stackheap_outer.o
         2          0          0          0          0         68   use_no_semi.o
         2          0          0          0          0         68   use_no_semi_2.o
        12          0          0          0          0         68   dretinf.o
        86          4          0          0          0         84   f2d.o
       430          8          0          0          0        168   faddsub_clz.o
       388         76          0          0          0         96   fdiv.o
        38          0          0          0          0         68   fflt_clz.o
       140          4          0          0          0         84   fnaninf.o
        10          0          0          0          0         68   fretinf.o
         4          0          0          0          0         68   printf1.o
         0          0          0          0          0          0   usenofp.o
        40          0          0          0          0         68   fpclassify.o

    ----------------------------------------------------------------------
      6308        296        176          0        100       3924   Library Totals
        16          0          0          0          4          0   (incl. Padding)

    ----------------------------------------------------------------------

      Code (inc. data)   RO Data    RW Data    ZI Data      Debug   Library Name

      5144        204        176          0         96       3152   c_w.l
      1108         92          0          0          0        704   fz_ws.l
        40          0          0          0          0         68   m_ws.l

    ----------------------------------------------------------------------
      6308        296        176          0        100       3924   Library Totals

    ----------------------------------------------------------------------

==============================================================================


      Code (inc. data)   RO Data    RW Data    ZI Data      Debug   

     19988       2946        512        196      23060     384046   Grand Totals
     19988       2946        512        196      23060     384046   ELF Image Totals
     19988       2946        512        196          0          0   ROM Totals

==============================================================================

    Total RO  Size (Code + RO Data)                20500 (  20.02kB)
    Total RW  Size (RW Data + ZI Data)             23256 (  22.71kB)
    Total ROM Size (Code + RO Data + RW Data)      20696 (  20.21kB)

==============================================================================

